Archive member included to satisfy reference by file (symbol)

color/libcolor.a(color.cpp.obj)
                              CMakeFiles/PL9823.dir/main.cpp.obj (color::color())
/usr/lib/gcc/arm-none-eabi/13.2.1/thumb/v6-m/nofp/libgcc.a(_dvmd_tls.o)
                              CMakeFiles/PL9823.dir/home/mitsuru/pico/pico-sdk/src/rp2_common/pico_divider/divider.S.obj (__aeabi_idiv0)
/usr/lib/gcc/arm-none-eabi/13.2.1/../../../arm-none-eabi/lib/thumb/v6-m/nofp/libg.a(libc_a-calloc.o)
                              CMakeFiles/PL9823.dir/home/mitsuru/pico/pico-sdk/src/rp2_common/pico_malloc/pico_malloc.c.obj (calloc)
/usr/lib/gcc/arm-none-eabi/13.2.1/../../../arm-none-eabi/lib/thumb/v6-m/nofp/libg.a(libc_a-impure.o)
                              /usr/lib/gcc/arm-none-eabi/13.2.1/../../../arm-none-eabi/lib/thumb/v6-m/nofp/libg.a(libc_a-calloc.o) (_impure_ptr)
/usr/lib/gcc/arm-none-eabi/13.2.1/../../../arm-none-eabi/lib/thumb/v6-m/nofp/libg.a(libc_a-callocr.o)
                              /usr/lib/gcc/arm-none-eabi/13.2.1/../../../arm-none-eabi/lib/thumb/v6-m/nofp/libg.a(libc_a-calloc.o) (_calloc_r)
/usr/lib/gcc/arm-none-eabi/13.2.1/../../../arm-none-eabi/lib/thumb/v6-m/nofp/libg.a(libc_a-realloc.o)
                              CMakeFiles/PL9823.dir/home/mitsuru/pico/pico-sdk/src/rp2_common/pico_malloc/pico_malloc.c.obj (realloc)
/usr/lib/gcc/arm-none-eabi/13.2.1/../../../arm-none-eabi/lib/thumb/v6-m/nofp/libg.a(libc_a-mallocr.o)
                              /usr/lib/gcc/arm-none-eabi/13.2.1/../../../arm-none-eabi/lib/thumb/v6-m/nofp/libg.a(libc_a-callocr.o) (_malloc_r)
/usr/lib/gcc/arm-none-eabi/13.2.1/../../../arm-none-eabi/lib/thumb/v6-m/nofp/libg.a(libc_a-freer.o)
                              /usr/lib/gcc/arm-none-eabi/13.2.1/../../../arm-none-eabi/lib/thumb/v6-m/nofp/libg.a(libc_a-mallocr.o) (_free_r)
/usr/lib/gcc/arm-none-eabi/13.2.1/../../../arm-none-eabi/lib/thumb/v6-m/nofp/libg.a(libc_a-malloc.o)
                              CMakeFiles/PL9823.dir/home/mitsuru/pico/pico-sdk/src/rp2_common/pico_malloc/pico_malloc.c.obj (malloc)
/usr/lib/gcc/arm-none-eabi/13.2.1/../../../arm-none-eabi/lib/thumb/v6-m/nofp/libg.a(libc_a-sysconf.o)
                              /usr/lib/gcc/arm-none-eabi/13.2.1/../../../arm-none-eabi/lib/thumb/v6-m/nofp/libg.a(libc_a-mallocr.o) (sysconf)
/usr/lib/gcc/arm-none-eabi/13.2.1/../../../arm-none-eabi/lib/thumb/v6-m/nofp/libg.a(libc_a-init.o)
                              /usr/lib/gcc/arm-none-eabi/13.2.1/../../../arm-none-eabi/lib/thumb/v6-m/nofp/crt0.o (__libc_init_array)
/usr/lib/gcc/arm-none-eabi/13.2.1/../../../arm-none-eabi/lib/thumb/v6-m/nofp/libg.a(libc_a-reallocr.o)
                              /usr/lib/gcc/arm-none-eabi/13.2.1/../../../arm-none-eabi/lib/thumb/v6-m/nofp/libg.a(libc_a-realloc.o) (_realloc_r)
/usr/lib/gcc/arm-none-eabi/13.2.1/../../../arm-none-eabi/lib/thumb/v6-m/nofp/libg.a(libc_a-mlock.o)
                              /usr/lib/gcc/arm-none-eabi/13.2.1/../../../arm-none-eabi/lib/thumb/v6-m/nofp/libg.a(libc_a-mallocr.o) (__malloc_lock)
/usr/lib/gcc/arm-none-eabi/13.2.1/../../../arm-none-eabi/lib/thumb/v6-m/nofp/libg.a(libc_a-findfp.o)
                              /usr/lib/gcc/arm-none-eabi/13.2.1/../../../arm-none-eabi/lib/thumb/v6-m/nofp/libg.a(libc_a-impure.o) (__sf)
/usr/lib/gcc/arm-none-eabi/13.2.1/../../../arm-none-eabi/lib/thumb/v6-m/nofp/libg.a(libc_a-atexit.o)
                              /usr/lib/gcc/arm-none-eabi/13.2.1/../../../arm-none-eabi/lib/thumb/v6-m/nofp/crt0.o (atexit)
/usr/lib/gcc/arm-none-eabi/13.2.1/../../../arm-none-eabi/lib/thumb/v6-m/nofp/libg.a(libc_a-strlen-stub.o)
                              CMakeFiles/PL9823.dir/home/mitsuru/pico/pico-sdk/src/rp2_common/pico_stdio/stdio.c.obj (strlen)
/usr/lib/gcc/arm-none-eabi/13.2.1/../../../arm-none-eabi/lib/thumb/v6-m/nofp/libg.a(libc_a-sbrkr.o)
                              /usr/lib/gcc/arm-none-eabi/13.2.1/../../../arm-none-eabi/lib/thumb/v6-m/nofp/libg.a(libc_a-mallocr.o) (_sbrk_r)
/usr/lib/gcc/arm-none-eabi/13.2.1/../../../arm-none-eabi/lib/thumb/v6-m/nofp/libg.a(libc_a-fini.o)
                              /usr/lib/gcc/arm-none-eabi/13.2.1/../../../arm-none-eabi/lib/thumb/v6-m/nofp/crt0.o (__libc_fini_array)
/usr/lib/gcc/arm-none-eabi/13.2.1/../../../arm-none-eabi/lib/thumb/v6-m/nofp/libg.a(libc_a-fwalk.o)
                              /usr/lib/gcc/arm-none-eabi/13.2.1/../../../arm-none-eabi/lib/thumb/v6-m/nofp/libg.a(libc_a-findfp.o) (_fwalk_sglue)
/usr/lib/gcc/arm-none-eabi/13.2.1/../../../arm-none-eabi/lib/thumb/v6-m/nofp/libg.a(libc_a-memmove.o)
                              /usr/lib/gcc/arm-none-eabi/13.2.1/../../../arm-none-eabi/lib/thumb/v6-m/nofp/libg.a(libc_a-reallocr.o) (memmove)
/usr/lib/gcc/arm-none-eabi/13.2.1/../../../arm-none-eabi/lib/thumb/v6-m/nofp/libg.a(libc_a-errno.o)
                              /usr/lib/gcc/arm-none-eabi/13.2.1/../../../arm-none-eabi/lib/thumb/v6-m/nofp/libg.a(libc_a-callocr.o) (__errno)
[...]
Memory Configuration

Name             Origin             Length             Attributes
FLASH            0x10000000         0x00200000         xr
RAM              0x20000000         0x00040000         xrw
SCRATCH_X        0x20040000         0x00001000         xrw
SCRATCH_Y        0x20041000         0x00001000         xrw
*default*        0x00000000         0xffffffff

Linker script and memory map

LOAD /usr/lib/gcc/arm-none-eabi/13.2.1/thumb/v6-m/nofp/crti.o
LOAD /usr/lib/gcc/arm-none-eabi/13.2.1/thumb/v6-m/nofp/crtbegin.o
LOAD /usr/lib/gcc/arm-none-eabi/13.2.1/../../../arm-none-eabi/lib/thumb/v6-m/nofp/crt0.o

.flash_begin    0x10000000        0x0
                0x10000000                        __flash_binary_start = .

.boot2          0x10000000      0x100
                0x10000000                        __boot2_start__ = .
 *(.boot2)
 .boot2         0x10000000      0x100 /tmp/ccb79dbf.o
                0x10000100                        __boot2_end__ = .
                0x00000001                        ASSERT (((__boot2_end__ - __boot2_start__) == 0x100), ERROR: Pico second stage bootloader must be 256 bytes in size)

.text           0x10000100     0x50d0
                0x10000100                        __logical_binary_start = .
 *(.vectors)
 .vectors       0x10000100       0xd4 CMakeFiles/PL9823.dir/home/mitsuru/pico/pico-sdk/src/rp2_common/pico_standard_link/crt0.S.obj
                0x10000100                __vectors
                0x10000100                __VECTOR_TABLE
                0x100001c0                isr_invalid
                0x100001c0                __default_isrs_start
                0x100001c2                isr_nmi
                0x100001c4                isr_hardfault
                0x100001c6                isr_svcall
                0x100001c8                isr_pendsv
                0x100001ca                isr_systick
                0x100001cc                isr_irq30
                0x100001cc                __unhandled_user_irq
                0x100001cc                isr_irq13
                0x100001cc                isr_irq27
                0x100001cc                isr_irq31
                0x100001cc                isr_irq5
                0x100001cc                isr_irq11
                0x100001cc                isr_irq23
                0x100001cc                isr_irq18
                0x100001cc                isr_irq28
                0x100001cc                isr_irq19
                0x100001cc                isr_irq0
                0x100001cc                isr_irq6
                0x100001cc                isr_irq22
                0x100001cc                isr_irq17
                0x100001cc                isr_irq14
                0x100001cc                isr_irq2
                0x100001cc                isr_irq10
                0x100001cc                isr_irq8
                0x100001cc                isr_irq24
                0x100001cc                isr_irq1
                0x100001cc                isr_irq7
                0x100001cc                isr_irq21
                0x100001cc                isr_irq20
                0x100001cc                isr_irq15
                0x100001cc                isr_irq25
                0x100001cc                isr_irq4
                0x100001cc                isr_irq16
                0x100001cc                isr_irq29
                0x100001cc                isr_irq26
                0x100001cc                __default_isrs_end
                0x100001cc                isr_irq3
                0x100001cc                isr_irq12
                0x100001cc                isr_irq9
                0x100001d2                unhandled_user_irq_num_in_r0
 *(.binary_info_header)
 .binary_info_header
                0x100001d4       0x14 CMakeFiles/PL9823.dir/home/mitsuru/pico/pico-sdk/src/rp2_common/pico_standard_link/crt0.S.obj
                0x100001e8                        __binary_info_header_end = .
 *(.reset)
 .reset         0x100001e8       0xa0 CMakeFiles/PL9823.dir/home/mitsuru/pico/pico-sdk/src/rp2_common/pico_standard_link/crt0.S.obj
                0x100001e8                _entry_point
 .reset         0x10000288       0x30 CMakeFiles/PL9823.dir/home/mitsuru/pico/pico-sdk/src/rp2_common/pico_standard_link/binary_info.c.obj
 *(.init)
 .init          0x100002b8        0x4 /usr/lib/gcc/arm-none-eabi/13.2.1/thumb/v6-m/nofp/crti.o
                0x100002b8                _init
 *(EXCLUDE_FILE(*libm.a: *libc.a:*lib_a-mem*.o *libgcc.a:) .text*)
 .text          0x100002bc       0x98 /usr/lib/gcc/arm-none-eabi/13.2.1/thumb/v6-m/nofp/crtbegin.o
 .text.sm_config_set_clkdiv
                0x10000354       0x3c CMakeFiles/PL9823.dir/main.cpp.obj
 .text._ZL33pl9823_program_get_default_configj
                0x10000390       0x44 CMakeFiles/PL9823.dir/main.cpp.obj
 .text._ZL19pl9823_program_initP8pio_hw_tjjjfb
                0x100003d4       0xd4 CMakeFiles/PL9823.dir/main.cpp.obj
 .text.main     0x100004a8      0x120 CMakeFiles/PL9823.dir/main.cpp.obj
                0x100004a8                main
 .text.gpio_set_function
                0x100005c8       0x30 CMakeFiles/PL9823.dir/home/mitsuru/pico/pico-sdk/src/rp2_common/hardware_gpio/gpio.c.obj
                0x100005c8                gpio_set_function
 .text.running_on_fpga
                0x100005f8       0x14 CMakeFiles/PL9823.dir/home/mitsuru/pico/pico-sdk/src/rp2_common/pico_platform/platform.c.obj
                0x100005f8                running_on_fpga
 .text.hw_claim_lock
                0x1000060c       0x18 CMakeFiles/PL9823.dir/home/mitsuru/pico/pico-sdk/src/rp2_common/hardware_claim/claim.c.obj
                0x1000060c                hw_claim_lock
 .text.hw_claim_unlock
                0x10000624       0x14 CMakeFiles/PL9823.dir/home/mitsuru/pico/pico-sdk/src/rp2_common/hardware_claim/claim.c.obj
                0x10000624                hw_claim_unlock
 .text.hw_claim_or_assert
                0x10000638       0x32 CMakeFiles/PL9823.dir/home/mitsuru/pico/pico-sdk/src/rp2_common/hardware_claim/claim.c.obj
                0x10000638                hw_claim_or_assert
 *fill*         0x1000066a        0x2 
 .text.spin_locks_reset
                0x1000066c       0x20 CMakeFiles/PL9823.dir/home/mitsuru/pico/pico-sdk/src/rp2_common/hardware_sync/sync.c.obj
                0x1000066c                spin_locks_reset
 .text.next_striped_spin_lock_num
                0x1000068c       0x1c CMakeFiles/PL9823.dir/home/mitsuru/pico/pico-sdk/src/rp2_common/hardware_sync/sync.c.obj
                0x1000068c                next_striped_spin_lock_num
 .text.set_raw_irq_handler_and_unlock
                0x100006a8       0x28 CMakeFiles/PL9823.dir/home/mitsuru/pico/pico-sdk/src/rp2_common/hardware_irq/irq.c.obj
 .text.resolve_branch
                0x100006d0       0x30 CMakeFiles/PL9823.dir/home/mitsuru/pico/pico-sdk/src/rp2_common/hardware_irq/irq.c.obj
 .text.make_branch
                0x10000700       0x48 CMakeFiles/PL9823.dir/home/mitsuru/pico/pico-sdk/src/rp2_common/hardware_irq/irq.c.obj
 .text.insert_branch_and_link
                0x10000748       0x40 CMakeFiles/PL9823.dir/home/mitsuru/pico/pico-sdk/src/rp2_common/hardware_irq/irq.c.obj
 .text.irq_is_enabled
                0x10000788       0x18 CMakeFiles/PL9823.dir/home/mitsuru/pico/pico-sdk/src/rp2_common/hardware_irq/irq.c.obj
                0x10000788                irq_is_enabled
 .text.irq_set_mask_enabled
                0x100007a0       0x20 CMakeFiles/PL9823.dir/home/mitsuru/pico/pico-sdk/src/rp2_common/hardware_irq/irq.c.obj
                0x100007a0                irq_set_mask_enabled
 .text.irq_set_enabled
                0x100007c0        0xe CMakeFiles/PL9823.dir/home/mitsuru/pico/pico-sdk/src/rp2_common/hardware_irq/irq.c.obj
                0x100007c0                irq_set_enabled
 *fill*         0x100007ce        0x2 
 .text.irq_get_vtable_handler
                0x100007d0       0x10 CMakeFiles/PL9823.dir/home/mitsuru/pico/pico-sdk/src/rp2_common/hardware_irq/irq.c.obj
                0x100007d0                irq_get_vtable_handler
 .text.irq_set_exclusive_handler
                0x100007e0       0x54 CMakeFiles/PL9823.dir/home/mitsuru/pico/pico-sdk/src/rp2_common/hardware_irq/irq.c.obj
                0x100007e0                irq_set_exclusive_handler
 .text.irq_remove_handler
                0x10000834      0x188 CMakeFiles/PL9823.dir/home/mitsuru/pico/pico-sdk/src/rp2_common/hardware_irq/irq.c.obj
                0x10000834                irq_remove_handler
 .text.irq_add_tail_to_free_list
                0x100009bc       0xf0 CMakeFiles/PL9823.dir/home/mitsuru/pico/pico-sdk/src/rp2_common/hardware_irq/irq.c.obj
                0x100009bc                irq_add_tail_to_free_list
 .text.irq_init_priorities
                0x10000aac       0x1c CMakeFiles/PL9823.dir/home/mitsuru/pico/pico-sdk/src/rp2_common/hardware_irq/irq.c.obj
                0x10000aac                irq_init_priorities
 .text.lock_init
                0x10000ac8       0x10 CMakeFiles/PL9823.dir/home/mitsuru/pico/pico-sdk/src/common/pico_sync/lock_core.c.obj
                0x10000ac8                lock_init
 .text.mutex_init
                0x10000ad8       0x1a CMakeFiles/PL9823.dir/home/mitsuru/pico/pico-sdk/src/common/pico_sync/mutex.c.obj
                0x10000ad8                mutex_init
 .text.recursive_mutex_init
                0x10000af2       0x1e CMakeFiles/PL9823.dir/home/mitsuru/pico/pico-sdk/src/common/pico_sync/mutex.c.obj
                0x10000af2                recursive_mutex_init
 .text.time_reached
                0x10000b10       0x28 CMakeFiles/PL9823.dir/home/mitsuru/pico/pico-sdk/src/common/pico_time/time.c.obj
 .text.get_entry
                0x10000b38       0x38 CMakeFiles/PL9823.dir/home/mitsuru/pico/pico-sdk/src/common/pico_time/time.c.obj
 .text.timer_pool_entry_comparator
                0x10000b70       0x2e CMakeFiles/PL9823.dir/home/mitsuru/pico/pico-sdk/src/common/pico_time/time.c.obj
                0x10000b70                timer_pool_entry_comparator
 *fill*         0x10000b9e        0x2 
 .text.update_us_since_boot
                0x10000ba0       0x24 CMakeFiles/PL9823.dir/home/mitsuru/pico/pico-sdk/src/common/pico_time/time.c.obj
 .text.delayed_by_us
                0x10000bc4       0x34 CMakeFiles/PL9823.dir/home/mitsuru/pico/pico-sdk/src/common/pico_time/time.c.obj
 .text.ph_get_node
                0x10000bf8       0x30 CMakeFiles/PL9823.dir/home/mitsuru/pico/pico-sdk/src/common/pico_time/time.c.obj
 .text.ph_contains_node
                0x10000c28       0x1e CMakeFiles/PL9823.dir/home/mitsuru/pico/pico-sdk/src/common/pico_time/time.c.obj
 .text.ph_new_node
                0x10000c46       0x28 CMakeFiles/PL9823.dir/home/mitsuru/pico/pico-sdk/src/common/pico_time/time.c.obj
 *fill*         0x10000c6e        0x2 
 .text.ph_add_child_node
                0x10000c70       0x6c CMakeFiles/PL9823.dir/home/mitsuru/pico/pico-sdk/src/common/pico_time/time.c.obj
 .text.ph_merge_nodes
                0x10000cdc       0x3e CMakeFiles/PL9823.dir/home/mitsuru/pico/pico-sdk/src/common/pico_time/time.c.obj
 *fill*         0x10000d1a        0x2 
 .text.ph_insert_node
                0x10000d1c       0x3c CMakeFiles/PL9823.dir/home/mitsuru/pico/pico-sdk/src/common/pico_time/time.c.obj
 .text.ph_free_node
                0x10000d58       0x5c CMakeFiles/PL9823.dir/home/mitsuru/pico/pico-sdk/src/common/pico_time/time.c.obj
 .text.get_entry_id_high
                0x10000db4       0x30 CMakeFiles/PL9823.dir/home/mitsuru/pico/pico-sdk/src/common/pico_time/time.c.obj
 .text.alarm_pool_post_alloc_init
                0x10000de4       0x40 CMakeFiles/PL9823.dir/home/mitsuru/pico/pico-sdk/src/common/pico_time/time.c.obj
 .text.sleep_until_callback
                0x10000e24       0x30 CMakeFiles/PL9823.dir/home/mitsuru/pico/pico-sdk/src/common/pico_time/time.c.obj
 .text.get_absolute_time
                0x10000e54       0x22 CMakeFiles/PL9823.dir/home/mitsuru/pico/pico-sdk/src/common/pico_time/time.c.obj
 .text.make_timeout_time_us
                0x10000e76       0x24 CMakeFiles/PL9823.dir/home/mitsuru/pico/pico-sdk/src/common/pico_time/time.c.obj
 *fill*         0x10000e9a        0x2 
 .text.add_alarm_under_lock
                0x10000e9c       0x94 CMakeFiles/PL9823.dir/home/mitsuru/pico/pico-sdk/src/common/pico_time/time.c.obj
 .text.alarm_pool_alarm_callback
                0x10000f30      0x210 CMakeFiles/PL9823.dir/home/mitsuru/pico/pico-sdk/src/common/pico_time/time.c.obj
 .text.alarm_pool_init_default
                0x10001140       0x40 CMakeFiles/PL9823.dir/home/mitsuru/pico/pico-sdk/src/common/pico_time/time.c.obj
                0x10001140                alarm_pool_init_default
 .text.alarm_pool_get_default
                0x10001180       0x2c CMakeFiles/PL9823.dir/home/mitsuru/pico/pico-sdk/src/common/pico_time/time.c.obj
                0x10001180                alarm_pool_get_default
 .text.alarm_pool_add_alarm_at
                0x100011ac      0x10e CMakeFiles/PL9823.dir/home/mitsuru/pico/pico-sdk/src/common/pico_time/time.c.obj
                0x100011ac                alarm_pool_add_alarm_at
 .text.add_alarm_at
                0x100012ba       0x2e CMakeFiles/PL9823.dir/home/mitsuru/pico/pico-sdk/src/common/pico_time/time.c.obj
 .text.alarm_pool_cancel_alarm
                0x100012e8       0xa8 CMakeFiles/PL9823.dir/home/mitsuru/pico/pico-sdk/src/common/pico_time/time.c.obj
                0x100012e8                alarm_pool_cancel_alarm
 .text.cancel_alarm
                0x10001390       0x10 CMakeFiles/PL9823.dir/home/mitsuru/pico/pico-sdk/src/common/pico_time/time.c.obj
 .text.sleep_until
                0x100013a0       0xb0 CMakeFiles/PL9823.dir/home/mitsuru/pico/pico-sdk/src/common/pico_time/time.c.obj
                0x100013a0                sleep_until
 .text.sleep_us
                0x10001450       0x1a CMakeFiles/PL9823.dir/home/mitsuru/pico/pico-sdk/src/common/pico_time/time.c.obj
                0x10001450                sleep_us
 .text.sleep_ms
                0x1000146a       0x14 CMakeFiles/PL9823.dir/home/mitsuru/pico/pico-sdk/src/common/pico_time/time.c.obj
                0x1000146a                sleep_ms
 *fill*         0x1000147e        0x2 
 .text.best_effort_wfe_or_timeout
                0x10001480       0x44 CMakeFiles/PL9823.dir/home/mitsuru/pico/pico-sdk/src/common/pico_time/time.c.obj
                0x10001480                best_effort_wfe_or_timeout
 .text.update_us_since_boot
                0x100014c4       0x24 CMakeFiles/PL9823.dir/home/mitsuru/pico/pico-sdk/src/rp2_common/hardware_timer/timer.c.obj
 .text.hardware_alarm_irq_handler
                0x100014e8       0x8c CMakeFiles/PL9823.dir/home/mitsuru/pico/pico-sdk/src/rp2_common/hardware_timer/timer.c.obj
 .text.hardware_alarm_claim
                0x10001574       0x18 CMakeFiles/PL9823.dir/home/mitsuru/pico/pico-sdk/src/rp2_common/hardware_timer/timer.c.obj
                0x10001574                hardware_alarm_claim
 .text.time_us_64
                0x1000158c       0x18 CMakeFiles/PL9823.dir/home/mitsuru/pico/pico-sdk/src/rp2_common/hardware_timer/timer.c.obj
                0x1000158c                time_us_64
 .text.busy_wait_until
                0x100015a4       0x28 CMakeFiles/PL9823.dir/home/mitsuru/pico/pico-sdk/src/rp2_common/hardware_timer/timer.c.obj
                0x100015a4                busy_wait_until
 .text.busy_wait_us
                0x100015cc       0x3a CMakeFiles/PL9823.dir/home/mitsuru/pico/pico-sdk/src/rp2_common/hardware_timer/timer.c.obj
                0x100015cc                busy_wait_us
 *fill*         0x10001606        0x2 
 .text.hardware_alarm_set_callback
                0x10001608       0x90 CMakeFiles/PL9823.dir/home/mitsuru/pico/pico-sdk/src/rp2_common/hardware_timer/timer.c.obj
                0x10001608                hardware_alarm_set_callback
 .text.hardware_alarm_set_target
                0x10001698       0xe8 CMakeFiles/PL9823.dir/home/mitsuru/pico/pico-sdk/src/rp2_common/hardware_timer/timer.c.obj
                0x10001698                hardware_alarm_set_target
 .text.hardware_alarm_cancel
                0x10001780       0x40 CMakeFiles/PL9823.dir/home/mitsuru/pico/pico-sdk/src/rp2_common/hardware_timer/timer.c.obj
                0x10001780                hardware_alarm_cancel
 .text.ph_get_node
                0x100017c0       0x30 CMakeFiles/PL9823.dir/home/mitsuru/pico/pico-sdk/src/common/pico_util/pheap.c.obj
 .text.ph_add_child_node
                0x100017f0       0x6c CMakeFiles/PL9823.dir/home/mitsuru/pico/pico-sdk/src/common/pico_util/pheap.c.obj
 .text.ph_merge_nodes
                0x1000185c       0x3e CMakeFiles/PL9823.dir/home/mitsuru/pico/pico-sdk/src/common/pico_util/pheap.c.obj
 .text.ph_clear
                0x1000189a       0x34 CMakeFiles/PL9823.dir/home/mitsuru/pico/pico-sdk/src/common/pico_util/pheap.c.obj
                0x1000189a                ph_clear
 .text.ph_post_alloc_init
                0x100018ce        0xe CMakeFiles/PL9823.dir/home/mitsuru/pico/pico-sdk/src/common/pico_util/pheap.c.obj
                0x100018ce                ph_post_alloc_init
 .text.ph_merge_two_pass
                0x100018dc       0x5c CMakeFiles/PL9823.dir/home/mitsuru/pico/pico-sdk/src/common/pico_util/pheap.c.obj
                0x100018dc                ph_merge_two_pass
 .text.ph_remove_any_head
                0x10001938       0xc0 CMakeFiles/PL9823.dir/home/mitsuru/pico/pico-sdk/src/common/pico_util/pheap.c.obj
 .text.ph_remove_head
                0x100019f8       0x14 CMakeFiles/PL9823.dir/home/mitsuru/pico/pico-sdk/src/common/pico_util/pheap.c.obj
                0x100019f8                ph_remove_head
 .text.ph_remove_and_free_node
                0x10001a0c       0xa0 CMakeFiles/PL9823.dir/home/mitsuru/pico/pico-sdk/src/common/pico_util/pheap.c.obj
                0x10001a0c                ph_remove_and_free_node
 .text.uart_disable_before_lcr_write
                0x10001aac       0x48 CMakeFiles/PL9823.dir/home/mitsuru/pico/pico-sdk/src/rp2_common/hardware_uart/uart.c.obj
 .text.uart_write_lcr_bits_masked
                0x10001af4       0x22 CMakeFiles/PL9823.dir/home/mitsuru/pico/pico-sdk/src/rp2_common/hardware_uart/uart.c.obj
 *fill*         0x10001b16        0x2 
 .text.uart_set_baudrate
                0x10001b18       0x5c CMakeFiles/PL9823.dir/home/mitsuru/pico/pico-sdk/src/rp2_common/hardware_uart/uart.c.obj
                0x10001b18                uart_set_baudrate
 .text.uart_set_format
                0x10001b74       0x2c CMakeFiles/PL9823.dir/home/mitsuru/pico/pico-sdk/src/rp2_common/hardware_uart/uart.c.obj
                0x10001b74                uart_set_format
 .text.uart_set_translate_crlf
                0x10001ba0       0x28 CMakeFiles/PL9823.dir/home/mitsuru/pico/pico-sdk/src/rp2_common/hardware_uart/uart.c.obj
                0x10001ba0                uart_set_translate_crlf
 .text.uart_init
                0x10001bc8       0x80 CMakeFiles/PL9823.dir/home/mitsuru/pico/pico-sdk/src/rp2_common/hardware_uart/uart.c.obj
                0x10001bc8                uart_init
 .text.clock_configure
                0x10001c48      0x108 CMakeFiles/PL9823.dir/home/mitsuru/pico/pico-sdk/src/rp2_common/hardware_clocks/clocks.c.obj
                0x10001c48                clock_configure
 .text.clocks_init
                0x10001d50      0x100 CMakeFiles/PL9823.dir/home/mitsuru/pico/pico-sdk/src/rp2_common/hardware_clocks/clocks.c.obj
                0x10001d50                clocks_init
 .text.clock_get_hz
                0x10001e50        0xc CMakeFiles/PL9823.dir/home/mitsuru/pico/pico-sdk/src/rp2_common/hardware_clocks/clocks.c.obj
                0x10001e50                clock_get_hz
 .text.pll_init
                0x10001e5c      0x120 CMakeFiles/PL9823.dir/home/mitsuru/pico/pico-sdk/src/rp2_common/hardware_pll/pll.c.obj
                0x10001e5c                pll_init
 .text.watchdog_start_tick
                0x10001f7c       0x10 CMakeFiles/PL9823.dir/home/mitsuru/pico/pico-sdk/src/rp2_common/hardware_watchdog/watchdog.c.obj
                0x10001f7c                watchdog_start_tick
 .text.xosc_init
                0x10001f8c       0x28 CMakeFiles/PL9823.dir/home/mitsuru/pico/pico-sdk/src/rp2_common/hardware_xosc/xosc.c.obj
                0x10001f8c                xosc_init
 .text._exit    0x10001fb4        0x4 CMakeFiles/PL9823.dir/home/mitsuru/pico/pico-sdk/src/rp2_common/pico_runtime/runtime.c.obj
                0x10001fb4                _exit
 .text.exit     0x10001fb8        0x6 CMakeFiles/PL9823.dir/home/mitsuru/pico/pico-sdk/src/rp2_common/pico_runtime/runtime.c.obj
                0x10001fb8                exit
 *fill*         0x10001fbe        0x2 
 .text.__assert_func
                0x10001fc0       0x38 CMakeFiles/PL9823.dir/home/mitsuru/pico/pico-sdk/src/rp2_common/pico_runtime/runtime.c.obj
                0x10001fc0                __assert_func
 .text.runtime_init
                0x10001ff8       0xf8 CMakeFiles/PL9823.dir/home/mitsuru/pico/pico-sdk/src/rp2_common/pico_runtime/runtime.c.obj
                0x10001ff8                runtime_init
 .text.panic    0x100020f0       0x30 CMakeFiles/PL9823.dir/home/mitsuru/pico/pico-sdk/src/rp2_common/pico_runtime/runtime.c.obj
                0x100020f0                panic
 .text._out_null
                0x10002120        0x2 CMakeFiles/PL9823.dir/home/mitsuru/pico/pico-sdk/src/rp2_common/pico_printf/printf.c.obj
 .text._out_fct
                0x10002122        0xe CMakeFiles/PL9823.dir/home/mitsuru/pico/pico-sdk/src/rp2_common/pico_printf/printf.c.obj
 .text._atoi    0x10002130       0x24 CMakeFiles/PL9823.dir/home/mitsuru/pico/pico-sdk/src/rp2_common/pico_printf/printf.c.obj
 .text._out_rev
                0x10002154       0xae CMakeFiles/PL9823.dir/home/mitsuru/pico/pico-sdk/src/rp2_common/pico_printf/printf.c.obj
 .text._ntoa_format
                0x10002202      0x110 CMakeFiles/PL9823.dir/home/mitsuru/pico/pico-sdk/src/rp2_common/pico_printf/printf.c.obj
 .text._ntoa_long
                0x10002312       0xbc CMakeFiles/PL9823.dir/home/mitsuru/pico/pico-sdk/src/rp2_common/pico_printf/printf.c.obj
 .text._ntoa_long_long
                0x100023ce      0x10e CMakeFiles/PL9823.dir/home/mitsuru/pico/pico-sdk/src/rp2_common/pico_printf/printf.c.obj
 .text._etoa    0x100024dc      0x420 CMakeFiles/PL9823.dir/home/mitsuru/pico/pico-sdk/src/rp2_common/pico_printf/printf.c.obj
 .text._ftoa    0x100028fc      0x354 CMakeFiles/PL9823.dir/home/mitsuru/pico/pico-sdk/src/rp2_common/pico_printf/printf.c.obj
 .text._vsnprintf
                0x10002c50      0x668 CMakeFiles/PL9823.dir/home/mitsuru/pico/pico-sdk/src/rp2_common/pico_printf/printf.c.obj
 .text.vfctprintf
                0x100032b8       0x20 CMakeFiles/PL9823.dir/home/mitsuru/pico/pico-sdk/src/rp2_common/pico_printf/printf.c.obj
                0x100032b8                vfctprintf
 .text          0x100032d8       0x10 CMakeFiles/PL9823.dir/home/mitsuru/pico/pico-sdk/src/rp2_common/pico_bit_ops/bit_ops_aeabi.S.obj
 .text.rom_func_lookup
                0x100032e8       0x10 CMakeFiles/PL9823.dir/home/mitsuru/pico/pico-sdk/src/rp2_common/pico_bootrom/bootrom.c.obj
                0x100032e8                rom_func_lookup
 .text.rom_data_lookup
                0x100032f8       0x10 CMakeFiles/PL9823.dir/home/mitsuru/pico/pico-sdk/src/rp2_common/pico_bootrom/bootrom.c.obj
                0x100032f8                rom_data_lookup
 .text.rom_funcs_lookup
                0x10003308       0x36 CMakeFiles/PL9823.dir/home/mitsuru/pico/pico-sdk/src/rp2_common/pico_bootrom/bootrom.c.obj
                0x10003308                rom_funcs_lookup
 *fill*         0x1000333e        0x2 
 .text.__wrap___aeabi_idiv
                0x10003340       0x50 CMakeFiles/PL9823.dir/home/mitsuru/pico/pico-sdk/src/rp2_common/pico_divider/divider.S.obj
                0x10003340                __wrap___aeabi_idivmod
                0x10003340                divmod_s32s32
                0x10003340                div_s32s32
                0x10003340                __wrap___aeabi_idiv
                0x10003348                divmod_s32s32_unsafe
                0x10003374                divmod_s32s32_savestate
 .text.__wrap___aeabi_uidiv
                0x10003390       0x4c CMakeFiles/PL9823.dir/home/mitsuru/pico/pico-sdk/src/rp2_common/pico_divider/divider.S.obj
                0x10003390                __wrap___aeabi_uidiv
                0x10003390                __wrap___aeabi_uidivmod
                0x10003390                div_u32u32
                0x10003390                divmod_u32u32
                0x10003398                divmod_u32u32_unsafe
                0x100033c0                divmod_u32u32_savestate
 .text.__wrap___aeabi_ldiv
                0x100033dc      0x424 CMakeFiles/PL9823.dir/home/mitsuru/pico/pico-sdk/src/rp2_common/pico_divider/divider.S.obj
                0x100033dc                div_s64s64
                0x100033dc                divmod_s64s64
                0x100033dc                __wrap___aeabi_ldivmod
                0x1000340c                div_u64u64
                0x1000340c                divmod_u64u64
                0x1000340c                __wrap___aeabi_uldivmod
                0x1000341c                divmod_u64u64_savestate
                0x1000343c                divmod_s64s64_unsafe
                0x100034c4                divmod_u64u64_unsafe
 .text.__wrap___aeabi_darithmetic
                0x10003800       0x80 CMakeFiles/PL9823.dir/home/mitsuru/pico/pico-sdk/src/rp2_common/pico_double/double_aeabi.S.obj
                0x10003800                __wrap___aeabi_drsub
                0x10003806                __wrap___aeabi_dsub
                0x10003818                __wrap___aeabi_dadd
                0x1000382a                __wrap___aeabi_ddiv
                0x10003866                __wrap___aeabi_dmul
 .text.__wrap___aeabi_cdcmple
                0x10003880       0x6c CMakeFiles/PL9823.dir/home/mitsuru/pico/pico-sdk/src/rp2_common/pico_double/double_aeabi.S.obj
                0x10003880                __wrap___aeabi_cdrcmple
                0x10003890                __wrap___aeabi_cdcmple
                0x10003890                __wrap___aeabi_cdcmpeq
 .text.__wrap___aeabi_dcmplt
                0x100038ec        0xc CMakeFiles/PL9823.dir/home/mitsuru/pico/pico-sdk/src/rp2_common/pico_double/double_aeabi.S.obj
                0x100038ec                __wrap___aeabi_dcmplt
 .text.__wrap___aeabi_dcmple
                0x100038f8       0x10 CMakeFiles/PL9823.dir/home/mitsuru/pico/pico-sdk/src/rp2_common/pico_double/double_aeabi.S.obj
                0x100038f8                __wrap___aeabi_dcmple
 .text.__wrap___aeabi_dcmpge
                0x10003908       0x10 CMakeFiles/PL9823.dir/home/mitsuru/pico/pico-sdk/src/rp2_common/pico_double/double_aeabi.S.obj
                0x10003908                __wrap___aeabi_dcmpge
 .text.__wrap___aeabi_dcmpgt
                0x10003918        0xa CMakeFiles/PL9823.dir/home/mitsuru/pico/pico-sdk/src/rp2_common/pico_double/double_aeabi.S.obj
                0x10003918                __wrap___aeabi_dcmpgt
 .text.__wrap___aeabi_dcmpun
                0x10003922       0x1c CMakeFiles/PL9823.dir/home/mitsuru/pico/pico-sdk/src/rp2_common/pico_double/double_aeabi.S.obj
                0x10003922                __wrap___aeabi_dcmpun
 *fill*         0x1000393e        0x2 
 .text.__wrap___aeabi_i2d
                0x10003940       0x38 CMakeFiles/PL9823.dir/home/mitsuru/pico/pico-sdk/src/rp2_common/pico_double/double_aeabi.S.obj
                0x10003940                __wrap___aeabi_ui2d
                0x10003948                __wrap___aeabi_i2d
 .text.__wrap___aeabi_d2iz
                0x10003978       0x48 CMakeFiles/PL9823.dir/home/mitsuru/pico/pico-sdk/src/rp2_common/pico_double/double_aeabi.S.obj
                0x10003978                __wrap___aeabi_d2iz
                0x10003978                double2int_z
 .text.__wrap___aeabi_d2uiz
                0x100039c0       0x18 CMakeFiles/PL9823.dir/home/mitsuru/pico/pico-sdk/src/rp2_common/pico_double/double_aeabi.S.obj
                0x100039c0                double2uint
                0x100039c0                __wrap___aeabi_d2uiz
 .text.__wrap___aeabi_d2f
                0x100039d8       0x18 CMakeFiles/PL9823.dir/home/mitsuru/pico/pico-sdk/src/rp2_common/pico_double/double_aeabi.S.obj
                0x100039d8                __wrap___aeabi_d2f
 .text.__aeabi_double_init
                0x100039f0       0xcc CMakeFiles/PL9823.dir/home/mitsuru/pico/pico-sdk/src/rp2_common/pico_double/double_init_rom.c.obj
                0x100039f0                __aeabi_double_init
 .text.double_table_shim_on_use_helper
                0x10003abc       0x34 CMakeFiles/PL9823.dir/home/mitsuru/pico/pico-sdk/src/rp2_common/pico_double/double_v1_rom_shim.S.obj
                0x10003abc                double_table_shim_on_use_helper
 .text.__wrap___aeabi_dsub
                0x10003af0       0x10 CMakeFiles/PL9823.dir/home/mitsuru/pico/pico-sdk/src/rp2_common/pico_double/double_v1_rom_shim.S.obj
                0x10003af0                drsub_shim
                0x10003af6                dsub_shim
 .text.dadd_shim
                0x10003b00      0x15c CMakeFiles/PL9823.dir/home/mitsuru/pico/pico-sdk/src/rp2_common/pico_double/double_v1_rom_shim.S.obj
                0x10003b00                dadd_shim
 .text.dmul_shim
                0x10003c5c      0x15c CMakeFiles/PL9823.dir/home/mitsuru/pico/pico-sdk/src/rp2_common/pico_double/double_v1_rom_shim.S.obj
                0x10003c5c                dmul_shim
 .text.ddiv_shim
                0x10003db8      0x1b0 CMakeFiles/PL9823.dir/home/mitsuru/pico/pico-sdk/src/rp2_common/pico_double/double_v1_rom_shim.S.obj
                0x10003db8                ddiv_shim
 .text.double2uint_shim
                0x10003f68        0xe CMakeFiles/PL9823.dir/home/mitsuru/pico/pico-sdk/src/rp2_common/pico_double/double_v1_rom_shim.S.obj
                0x10003f68                double2uint_shim
                0x10003f6a                double2ufix_shim
 *fill*         0x10003f76        0x2 
 .text.double2uint64_shim
                0x10003f78       0x70 CMakeFiles/PL9823.dir/home/mitsuru/pico/pico-sdk/src/rp2_common/pico_double/double_v1_rom_shim.S.obj
                0x10003f78                double2uint64_shim
                0x10003f7a                double2ufix64_shim
                0x10003f9a                d2fix_a
 .text.double2float_shim
                0x10003fe8       0x5c CMakeFiles/PL9823.dir/home/mitsuru/pico/pico-sdk/src/rp2_common/pico_double/double_v1_rom_shim.S.obj
                0x10003fe8                double2float_shim
 .text.dunpacks
                0x10004044       0x3c CMakeFiles/PL9823.dir/home/mitsuru/pico/pico-sdk/src/rp2_common/pico_double/double_v1_rom_shim.S.obj
                0x10004044                dunpacks
 .text.__aeabi_lmul
                0x10004080       0x32 CMakeFiles/PL9823.dir/home/mitsuru/pico/pico-sdk/src/rp2_common/pico_int64_ops/pico_int64_ops_aeabi.S.obj
                0x10004080                __wrap___aeabi_lmul
 *fill*         0x100040b2        0x2 
 .text.__wrap___aeabi_farithmetic
                0x100040b4       0x58 CMakeFiles/PL9823.dir/home/mitsuru/pico/pico-sdk/src/rp2_common/pico_float/float_aeabi.S.obj
                0x100040b4                __wrap___aeabi_frsub
                0x100040ba                __wrap___aeabi_fsub
                0x100040c4                __wrap___aeabi_fadd
                0x100040ce                __wrap___aeabi_fdiv
                0x100040fa                __wrap___aeabi_fmul
 .text.__wrap___aeabi_cfcmple
                0x1000410c       0x50 CMakeFiles/PL9823.dir/home/mitsuru/pico/pico-sdk/src/rp2_common/pico_float/float_aeabi.S.obj
                0x1000410c                __wrap___aeabi_cfrcmple
                0x10004118                __wrap___aeabi_cfcmpeq
                0x10004118                __wrap___aeabi_cfcmple
 .text.__wrap___aeabi_fcmplt
                0x1000415c        0xc CMakeFiles/PL9823.dir/home/mitsuru/pico/pico-sdk/src/rp2_common/pico_float/float_aeabi.S.obj
                0x1000415c                __wrap___aeabi_fcmplt
 .text.__wrap___aeabi_fcmpgt
                0x10004168        0xa CMakeFiles/PL9823.dir/home/mitsuru/pico/pico-sdk/src/rp2_common/pico_float/float_aeabi.S.obj
                0x10004168                __wrap___aeabi_fcmpgt
 .text.__wrap___aeabi_ui2f
                0x10004172        0xa CMakeFiles/PL9823.dir/home/mitsuru/pico/pico-sdk/src/rp2_common/pico_float/float_aeabi.S.obj
                0x10004172                __wrap___aeabi_ui2f
 .text.__wrap___aeabi_i2f
                0x1000417c       0x44 CMakeFiles/PL9823.dir/home/mitsuru/pico/pico-sdk/src/rp2_common/pico_float/float_aeabi.S.obj
                0x1000417c                __wrap___aeabi_i2f
 .text.__wrap___aeabi_f2iz
                0x100041c0       0x4e CMakeFiles/PL9823.dir/home/mitsuru/pico/pico-sdk/src/rp2_common/pico_float/float_aeabi.S.obj
                0x100041c0                __wrap___aeabi_f2iz
                0x100041c0                float2int_z
 *fill*         0x1000420e        0x2 
 .text.float2int
                0x10004210       0x14 CMakeFiles/PL9823.dir/home/mitsuru/pico/pico-sdk/src/rp2_common/pico_float/float_aeabi.S.obj
                0x10004210                float2int
 .text.__wrap___aeabi_f2uiz
                0x10004224       0x10 CMakeFiles/PL9823.dir/home/mitsuru/pico/pico-sdk/src/rp2_common/pico_float/float_aeabi.S.obj
                0x10004224                __wrap___aeabi_f2uiz
 .text.fix2float
                0x10004234       0x10 CMakeFiles/PL9823.dir/home/mitsuru/pico/pico-sdk/src/rp2_common/pico_float/float_aeabi.S.obj
                0x10004234                fix2float
 .text.__wrap___aeabi_f2d
                0x10004244       0x14 CMakeFiles/PL9823.dir/home/mitsuru/pico/pico-sdk/src/rp2_common/pico_float/float_aeabi.S.obj
                0x10004244                __wrap___aeabi_f2d
 .text.__wrap_sinf
                0x10004258       0x28 CMakeFiles/PL9823.dir/home/mitsuru/pico/pico-sdk/src/rp2_common/pico_float/float_aeabi.S.obj
                0x10004258                __wrap_sinf
 .text.__aeabi_float_init
                0x10004280       0xfc CMakeFiles/PL9823.dir/home/mitsuru/pico/pico-sdk/src/rp2_common/pico_float/float_init_rom.c.obj
                0x10004280                __aeabi_float_init
 .text.frem_0   0x1000437c       0x7c CMakeFiles/PL9823.dir/home/mitsuru/pico/pico-sdk/src/rp2_common/pico_float/float_math.c.obj
 .text.__wrap_floorf
                0x100043f8       0x44 CMakeFiles/PL9823.dir/home/mitsuru/pico/pico-sdk/src/rp2_common/pico_float/float_math.c.obj
                0x100043f8                __wrap_floorf
 .text.__wrap_remquof
                0x1000443c       0xda CMakeFiles/PL9823.dir/home/mitsuru/pico/pico-sdk/src/rp2_common/pico_float/float_math.c.obj
                0x1000443c                __wrap_remquof
 .text.__wrap_remainderf
                0x10004516        0xa CMakeFiles/PL9823.dir/home/mitsuru/pico/pico-sdk/src/rp2_common/pico_float/float_math.c.obj
                0x10004516                __wrap_remainderf
 .text.float_table_shim_on_use_helper
                0x10004520       0x34 CMakeFiles/PL9823.dir/home/mitsuru/pico/pico-sdk/src/rp2_common/pico_float/float_v1_rom_shim.S.obj
                0x10004520                float_table_shim_on_use_helper
 .text.float232_shims
                0x10004554       0x18 CMakeFiles/PL9823.dir/home/mitsuru/pico/pico-sdk/src/rp2_common/pico_float/float_v1_rom_shim.S.obj
                0x10004554                float2int_shim
                0x10004556                float2fix_shim
 .text.float2double_shim
                0x1000456c       0x30 CMakeFiles/PL9823.dir/home/mitsuru/pico/pico-sdk/src/rp2_common/pico_float/float_v1_rom_shim.S.obj
                0x1000456c                float2double_shim
 .text          0x1000459c       0x10 CMakeFiles/PL9823.dir/home/mitsuru/pico/pico-sdk/src/rp2_common/pico_mem_ops/mem_ops_aeabi.S.obj
                0x1000459c                __aeabi_mem_init
 .text.memset   0x100045ac        0xc CMakeFiles/PL9823.dir/home/mitsuru/pico/pico-sdk/src/rp2_common/pico_mem_ops/mem_ops_aeabi.S.obj
                0x100045ac                __wrap_memset
 .text.memcpy   0x100045b8        0xc CMakeFiles/PL9823.dir/home/mitsuru/pico/pico-sdk/src/rp2_common/pico_mem_ops/mem_ops_aeabi.S.obj
                0x100045b8                __wrap___aeabi_memcpy
                0x100045b8                __wrap_memcpy
 .text.stdio_out_chars_no_crlf
                0x100045c4        0xe CMakeFiles/PL9823.dir/home/mitsuru/pico/pico-sdk/src/rp2_common/pico_stdio/stdio.c.obj
 *fill*         0x100045d2        0x2 
 .text.stdio_out_chars_crlf
                0x100045d4       0x80 CMakeFiles/PL9823.dir/home/mitsuru/pico/pico-sdk/src/rp2_common/pico_stdio/stdio.c.obj
 .text.stdio_stack_buffer_flush
                0x10004654       0x44 CMakeFiles/PL9823.dir/home/mitsuru/pico/pico-sdk/src/rp2_common/pico_stdio/stdio.c.obj
 .text.stdio_buffered_printer
                0x10004698       0x20 CMakeFiles/PL9823.dir/home/mitsuru/pico/pico-sdk/src/rp2_common/pico_stdio/stdio.c.obj
 .text.update_us_since_boot
                0x100046b8       0x24 CMakeFiles/PL9823.dir/home/mitsuru/pico/pico-sdk/src/rp2_common/pico_stdio/stdio.c.obj
 .text.get_absolute_time
                0x100046dc       0x22 CMakeFiles/PL9823.dir/home/mitsuru/pico/pico-sdk/src/rp2_common/pico_stdio/stdio.c.obj
 *fill*         0x100046fe        0x2 
 .text.delayed_by_ms
                0x10004700       0x44 CMakeFiles/PL9823.dir/home/mitsuru/pico/pico-sdk/src/rp2_common/pico_stdio/stdio.c.obj
 .text.make_timeout_time_ms
                0x10004744       0x20 CMakeFiles/PL9823.dir/home/mitsuru/pico/pico-sdk/src/rp2_common/pico_stdio/stdio.c.obj
 .text.stdout_serialize_begin
                0x10004764       0x20 CMakeFiles/PL9823.dir/home/mitsuru/pico/pico-sdk/src/rp2_common/pico_stdio/stdio.c.obj
                0x10004764                stdout_serialize_begin
 .text.stdout_serialize_end
                0x10004784       0x10 CMakeFiles/PL9823.dir/home/mitsuru/pico/pico-sdk/src/rp2_common/pico_stdio/stdio.c.obj
                0x10004784                stdout_serialize_end
 .text.stdio_put_string
                0x10004794       0x98 CMakeFiles/PL9823.dir/home/mitsuru/pico/pico-sdk/src/rp2_common/pico_stdio/stdio.c.obj
 .text.stdio_set_driver_enabled
                0x1000482c       0x2c CMakeFiles/PL9823.dir/home/mitsuru/pico/pico-sdk/src/rp2_common/pico_stdio/stdio.c.obj
                0x1000482c                stdio_set_driver_enabled
 .text.stdio_flush
                0x10004858       0x20 CMakeFiles/PL9823.dir/home/mitsuru/pico/pico-sdk/src/rp2_common/pico_stdio/stdio.c.obj
                0x10004858                stdio_flush
 .text.__wrap_puts
                0x10004878       0x1e CMakeFiles/PL9823.dir/home/mitsuru/pico/pico-sdk/src/rp2_common/pico_stdio/stdio.c.obj
                0x10004878                __wrap_puts
 *fill*         0x10004896        0x2 
 .text.__wrap_vprintf
                0x10004898       0x40 CMakeFiles/PL9823.dir/home/mitsuru/pico/pico-sdk/src/rp2_common/pico_stdio/stdio.c.obj
                0x10004898                __wrap_vprintf
 .text.__wrap_printf
                0x100048d8       0x18 CMakeFiles/PL9823.dir/home/mitsuru/pico/pico-sdk/src/rp2_common/pico_stdio/stdio.c.obj
                0x100048d8                __wrap_printf
 .text.stdio_init_all
                0x100048f0        0xa CMakeFiles/PL9823.dir/home/mitsuru/pico/pico-sdk/src/rp2_common/pico_stdio/stdio.c.obj
                0x100048f0                stdio_init_all
 *fill*         0x100048fa        0x2 
 .text.uart_putc
                0x100048fc       0x60 CMakeFiles/PL9823.dir/home/mitsuru/pico/pico-sdk/src/rp2_common/pico_stdio_uart/stdio_uart.c.obj
 .text.uart_getc
                0x1000495c       0x24 CMakeFiles/PL9823.dir/home/mitsuru/pico/pico-sdk/src/rp2_common/pico_stdio_uart/stdio_uart.c.obj
 .text.stdio_uart_out_chars
                0x10004980       0x20 CMakeFiles/PL9823.dir/home/mitsuru/pico/pico-sdk/src/rp2_common/pico_stdio_uart/stdio_uart.c.obj
 .text.stdio_uart_in_chars
                0x100049a0       0x5c CMakeFiles/PL9823.dir/home/mitsuru/pico/pico-sdk/src/rp2_common/pico_stdio_uart/stdio_uart.c.obj
                0x100049a0                stdio_uart_in_chars
 .text.on_uart_rx
                0x100049fc       0x28 CMakeFiles/PL9823.dir/home/mitsuru/pico/pico-sdk/src/rp2_common/pico_stdio_uart/stdio_uart.c.obj
 .text.stdio_uart_set_chars_available_callback
                0x10004a24       0x8c CMakeFiles/PL9823.dir/home/mitsuru/pico/pico-sdk/src/rp2_common/pico_stdio_uart/stdio_uart.c.obj
 .text.stdio_uart_init_full
                0x10004ab0       0x44 CMakeFiles/PL9823.dir/home/mitsuru/pico/pico-sdk/src/rp2_common/pico_stdio_uart/stdio_uart.c.obj
                0x10004ab0                stdio_uart_init_full
 .text.stdio_uart_init
                0x10004af4       0x28 CMakeFiles/PL9823.dir/home/mitsuru/pico/pico-sdk/src/rp2_common/pico_stdio_uart/stdio_uart.c.obj
                0x10004af4                stdio_uart_init
 .text.pio_get_default_sm_config
                0x10004b1c       0x28 CMakeFiles/PL9823.dir/home/mitsuru/pico/pico-sdk/src/rp2_common/hardware_pio/pio.c.obj
 .text._pio_can_add_program_at_offset
                0x10004b44       0x3c CMakeFiles/PL9823.dir/home/mitsuru/pico/pico-sdk/src/rp2_common/hardware_pio/pio.c.obj
 .text._pio_find_offset_for_program
                0x10004b80       0x7c CMakeFiles/PL9823.dir/home/mitsuru/pico/pico-sdk/src/rp2_common/hardware_pio/pio.c.obj
 .text._pio_add_program_at_offset
                0x10004bfc       0x7c CMakeFiles/PL9823.dir/home/mitsuru/pico/pico-sdk/src/rp2_common/hardware_pio/pio.c.obj
 .text.pio_add_program
                0x10004c78       0x38 CMakeFiles/PL9823.dir/home/mitsuru/pico/pico-sdk/src/rp2_common/hardware_pio/pio.c.obj
                0x10004c78                pio_add_program
 .text.pio_sm_set_consecutive_pindirs
                0x10004cb0       0xa4 CMakeFiles/PL9823.dir/home/mitsuru/pico/pico-sdk/src/rp2_common/hardware_pio/pio.c.obj
                0x10004cb0                pio_sm_set_consecutive_pindirs
 .text.pio_sm_init
                0x10004d54       0xb0 CMakeFiles/PL9823.dir/home/mitsuru/pico/pico-sdk/src/rp2_common/hardware_pio/pio.c.obj
                0x10004d54                pio_sm_init
 .text._ZN5colorC2Ev
                0x10004e04       0x12 color/libcolor.a(color.cpp.obj)
                0x10004e04                color::color()
                0x10004e04                color::color()
 .text._ZN5color4getREv
                0x10004e16        0x4 color/libcolor.a(color.cpp.obj)
                0x10004e16                color::getR()
 .text._ZN5color4getGEv
                0x10004e1a        0x4 color/libcolor.a(color.cpp.obj)
                0x10004e1a                color::getG()
 .text._ZN5color4getBEv
                0x10004e1e        0x4 color/libcolor.a(color.cpp.obj)
                0x10004e1e                color::getB()
 *fill*         0x10004e22        0x2 
 .text._ZN5color8HSVtoRGBEv
                0x10004e24      0x1b8 color/libcolor.a(color.cpp.obj)
                0x10004e24                color::HSVtoRGB()
 .text._ZN5color6setHSVEfff
                0x10004fdc       0x88 color/libcolor.a(color.cpp.obj)
                0x10004fdc                color::setHSV(float, float, float)
 .text          0x10005064       0x10 /usr/lib/gcc/arm-none-eabi/13.2.1/../../../arm-none-eabi/lib/thumb/v6-m/nofp/libg.a(libc_a-atexit.o)
                0x10005064                atexit
 .text          0x10005074       0x5c /usr/lib/gcc/arm-none-eabi/13.2.1/../../../arm-none-eabi/lib/thumb/v6-m/nofp/libg.a(libc_a-strlen-stub.o)
                0x10005074                strlen
 .text          0x100050d0       0x28 /usr/lib/gcc/arm-none-eabi/13.2.1/../../../arm-none-eabi/lib/thumb/v6-m/nofp/libg.a(libc_a-fini.o)
                0x100050d0                __libc_fini_array
 .text          0x100050f8       0x78 /usr/lib/gcc/arm-none-eabi/13.2.1/../../../arm-none-eabi/lib/thumb/v6-m/nofp/libg.a(libc_a-__atexit.o)
                0x100050f8                __register_exitproc
 .text.startup  0x10005170       0x18 /usr/lib/gcc/arm-none-eabi/13.2.1/../../../arm-none-eabi/lib/thumb/v6-m/nofp/libg.a(libc_a-__call_atexit.o)
 *(.fini)
 .fini          0x10005188        0x4 /usr/lib/gcc/arm-none-eabi/13.2.1/thumb/v6-m/nofp/crti.o
                0x10005188                _fini
 *fill*         0x1000518c        0x4 
 .fini.__stub   0x10005190       0x40 linker stubs
 *crtbegin.o(.ctors)
 *crtbegin?.o(.ctors)
 *(EXCLUDE_FILE(*crtend.o *crtend?.o) .ctors)
 *(SORT_BY_NAME(.ctors.*))
 *(.ctors)
 *crtbegin.o(.dtors)
 *crtbegin?.o(.dtors)
 *(EXCLUDE_FILE(*crtend.o *crtend?.o) .dtors)
 *(SORT_BY_NAME(.dtors.*))
 *(.dtors)
 *(.eh_frame*)
 .eh_frame      0x100051d0        0x0 /usr/lib/gcc/arm-none-eabi/13.2.1/thumb/v6-m/nofp/crtbegin.o
                0x100051d0                        . = ALIGN (0x4)

.glue_7         0x100051d0        0x0
 .glue_7        0x100051d0        0x0 linker stubs

.glue_7t        0x100051d0        0x0
 .glue_7t       0x100051d0        0x0 linker stubs

.vfp11_veneer   0x100051d0        0x0
 .vfp11_veneer  0x100051d0        0x0 linker stubs

.v4_bx          0x100051d0        0x0
 .v4_bx         0x100051d0        0x0 linker stubs

.iplt           0x100051d0        0x0
 .iplt          0x100051d0        0x0 /usr/lib/gcc/arm-none-eabi/13.2.1/thumb/v6-m/nofp/crtbegin.o

.rodata         0x100051d0      0xf28
 *(EXCLUDE_FILE(*libm.a: *libc.a:*lib_a-mem*.o *libgcc.a:) .rodata*)
 .rodata.main.str1.4
                0x100051d0      0xa3d CMakeFiles/PL9823.dir/main.cpp.obj
                                 0x20 (size before relaxing)
 *fill*         0x10005c0d        0x3 
 .rodata._ZL14pl9823_program
                0x10005c10        0x6 CMakeFiles/PL9823.dir/main.cpp.obj
 *fill*         0x10005c16        0x2 
 .rodata._ZL27pl9823_program_instructions
                0x10005c18        0x8 CMakeFiles/PL9823.dir/main.cpp.obj
 .rodata.resolve_branch.str1.4
                0x10005c20       0x56 CMakeFiles/PL9823.dir/home/mitsuru/pico/pico-sdk/src/rp2_common/hardware_irq/irq.c.obj
 .rodata.make_branch.str1.4
                0x10005c20       0x30 CMakeFiles/PL9823.dir/home/mitsuru/pico/pico-sdk/src/rp2_common/hardware_irq/irq.c.obj
 .rodata.insert_branch_and_link.str1.4
                0x10005c20       0x10 CMakeFiles/PL9823.dir/home/mitsuru/pico/pico-sdk/src/rp2_common/hardware_irq/irq.c.obj
 .rodata.irq_set_exclusive_handler.str1.4
                0x10005c20       0x36 CMakeFiles/PL9823.dir/home/mitsuru/pico/pico-sdk/src/rp2_common/hardware_irq/irq.c.obj
 .rodata.irq_remove_handler.str1.4
                0x10005c20       0x3a CMakeFiles/PL9823.dir/home/mitsuru/pico/pico-sdk/src/rp2_common/hardware_irq/irq.c.obj
 .rodata.irq_add_tail_to_free_list.str1.4
                0x10005c20       0x3a CMakeFiles/PL9823.dir/home/mitsuru/pico/pico-sdk/src/rp2_common/hardware_irq/irq.c.obj
 .rodata.__func__.0
                0x10005c20       0x1a CMakeFiles/PL9823.dir/home/mitsuru/pico/pico-sdk/src/rp2_common/hardware_irq/irq.c.obj
 *fill*         0x10005c3a        0x2 
 .rodata.__func__.1
                0x10005c3c       0x17 CMakeFiles/PL9823.dir/home/mitsuru/pico/pico-sdk/src/rp2_common/hardware_irq/irq.c.obj
 *fill*         0x10005c53        0x1 
 .rodata.__func__.2
                0x10005c54       0x13 CMakeFiles/PL9823.dir/home/mitsuru/pico/pico-sdk/src/rp2_common/hardware_irq/irq.c.obj
 *fill*         0x10005c67        0x1 
 .rodata.__func__.3
                0x10005c68        0xc CMakeFiles/PL9823.dir/home/mitsuru/pico/pico-sdk/src/rp2_common/hardware_irq/irq.c.obj
 .rodata.__func__.4
                0x10005c74        0xf CMakeFiles/PL9823.dir/home/mitsuru/pico/pico-sdk/src/rp2_common/hardware_irq/irq.c.obj
 *fill*         0x10005c83        0x1 
 .rodata.__func__.6
                0x10005c84       0x1a CMakeFiles/PL9823.dir/home/mitsuru/pico/pico-sdk/src/rp2_common/hardware_irq/irq.c.obj
 .rodata.str1.4
                0x10005c9e       0x8d CMakeFiles/PL9823.dir/home/mitsuru/pico/pico-sdk/src/common/pico_sync/mutex.c.obj
 *fill*         0x10005c9e        0x2 
 .rodata.__func__.1
                0x10005ca0        0xb CMakeFiles/PL9823.dir/home/mitsuru/pico/pico-sdk/src/common/pico_sync/mutex.c.obj
 *fill*         0x10005cab        0x1 
 .rodata.__func__.3
                0x10005cac       0x18 CMakeFiles/PL9823.dir/home/mitsuru/pico/pico-sdk/src/common/pico_sync/mutex.c.obj
 .rodata.get_entry.str1.4
                0x10005cc4       0x5c CMakeFiles/PL9823.dir/home/mitsuru/pico/pico-sdk/src/common/pico_time/time.c.obj
 .rodata.update_us_since_boot.str1.4
                0x10005cc4       0x62 CMakeFiles/PL9823.dir/home/mitsuru/pico/pico-sdk/src/common/pico_time/time.c.obj
 .rodata.ph_get_node.str1.4
                0x10005cc4       0x67 CMakeFiles/PL9823.dir/home/mitsuru/pico/pico-sdk/src/common/pico_time/time.c.obj
 .rodata.ph_add_child_node.str1.4
                0x10005cc4       0x2e CMakeFiles/PL9823.dir/home/mitsuru/pico/pico-sdk/src/common/pico_time/time.c.obj
 .rodata.ph_insert_node.str1.4
                0x10005cc4        0x3 CMakeFiles/PL9823.dir/home/mitsuru/pico/pico-sdk/src/common/pico_time/time.c.obj
 .rodata.ph_free_node.str1.4
                0x10005cc4       0x38 CMakeFiles/PL9823.dir/home/mitsuru/pico/pico-sdk/src/common/pico_time/time.c.obj
 .rodata.add_alarm_under_lock.str1.4
                0x10005cc4       0x28 CMakeFiles/PL9823.dir/home/mitsuru/pico/pico-sdk/src/common/pico_time/time.c.obj
 .rodata.alarm_pool_alarm_callback.str1.4
                0x10005cc4       0x60 CMakeFiles/PL9823.dir/home/mitsuru/pico/pico-sdk/src/common/pico_time/time.c.obj
 .rodata.alarm_pool_get_default.str1.4
                0x10005cc4       0x21 CMakeFiles/PL9823.dir/home/mitsuru/pico/pico-sdk/src/common/pico_time/time.c.obj
 .rodata.alarm_pool_cancel_alarm.str1.4
                0x10005cc4       0x27 CMakeFiles/PL9823.dir/home/mitsuru/pico/pico-sdk/src/common/pico_time/time.c.obj
 .rodata.sleep_until.str1.4
                0x10005cc4       0x4d CMakeFiles/PL9823.dir/home/mitsuru/pico/pico-sdk/src/common/pico_time/time.c.obj
 .rodata.__func__.1
                0x10005cc4       0x18 CMakeFiles/PL9823.dir/home/mitsuru/pico/pico-sdk/src/common/pico_time/time.c.obj
 .rodata.__func__.3
                0x10005cdc       0x17 CMakeFiles/PL9823.dir/home/mitsuru/pico/pico-sdk/src/common/pico_time/time.c.obj
 *fill*         0x10005cf3        0x1 
 .rodata.__func__.4
                0x10005cf4       0x12 CMakeFiles/PL9823.dir/home/mitsuru/pico/pico-sdk/src/common/pico_time/time.c.obj
 *fill*         0x10005d06        0x2 
 .rodata.__func__.5
                0x10005d08        0xd CMakeFiles/PL9823.dir/home/mitsuru/pico/pico-sdk/src/common/pico_time/time.c.obj
 *fill*         0x10005d15        0x3 
 .rodata.__func__.6
                0x10005d18       0x12 CMakeFiles/PL9823.dir/home/mitsuru/pico/pico-sdk/src/common/pico_time/time.c.obj
 *fill*         0x10005d2a        0x2 
 .rodata.__func__.7
                0x10005d2c        0xf CMakeFiles/PL9823.dir/home/mitsuru/pico/pico-sdk/src/common/pico_time/time.c.obj
 *fill*         0x10005d3b        0x1 
 .rodata.__func__.8
                0x10005d3c        0xc CMakeFiles/PL9823.dir/home/mitsuru/pico/pico-sdk/src/common/pico_time/time.c.obj
 .rodata.__func__.9
                0x10005d48       0x15 CMakeFiles/PL9823.dir/home/mitsuru/pico/pico-sdk/src/common/pico_time/time.c.obj
 *fill*         0x10005d5d        0x3 
 .rodata.__func__.10
                0x10005d60       0x15 CMakeFiles/PL9823.dir/home/mitsuru/pico/pico-sdk/src/common/pico_time/time.c.obj
 *fill*         0x10005d75        0x3 
 .rodata.__func__.11
                0x10005d78       0x1a CMakeFiles/PL9823.dir/home/mitsuru/pico/pico-sdk/src/common/pico_time/time.c.obj
 *fill*         0x10005d92        0x2 
 .rodata.__func__.12
                0x10005d94        0xa CMakeFiles/PL9823.dir/home/mitsuru/pico/pico-sdk/src/common/pico_time/time.c.obj
 .rodata.update_us_since_boot.str1.4
                0x10005d9e       0x62 CMakeFiles/PL9823.dir/home/mitsuru/pico/pico-sdk/src/rp2_common/hardware_timer/timer.c.obj
 .rodata.hardware_alarm_claim.str1.4
                0x10005d9e       0x22 CMakeFiles/PL9823.dir/home/mitsuru/pico/pico-sdk/src/rp2_common/hardware_timer/timer.c.obj
 .rodata.hardware_alarm_set_target.str1.4
                0x10005d9e       0x66 CMakeFiles/PL9823.dir/home/mitsuru/pico/pico-sdk/src/rp2_common/hardware_timer/timer.c.obj
 *fill*         0x10005d9e        0x2 
 .rodata.__func__.0
                0x10005da0       0x1a CMakeFiles/PL9823.dir/home/mitsuru/pico/pico-sdk/src/rp2_common/hardware_timer/timer.c.obj
 *fill*         0x10005dba        0x2 
 .rodata.__func__.1
                0x10005dbc       0x15 CMakeFiles/PL9823.dir/home/mitsuru/pico/pico-sdk/src/rp2_common/hardware_timer/timer.c.obj
 .rodata.ph_get_node.str1.4
                0x10005dd1       0x67 CMakeFiles/PL9823.dir/home/mitsuru/pico/pico-sdk/src/common/pico_util/pheap.c.obj
 .rodata.ph_add_child_node.str1.4
                0x10005dd1       0x2e CMakeFiles/PL9823.dir/home/mitsuru/pico/pico-sdk/src/common/pico_util/pheap.c.obj
 .rodata.ph_remove_any_head.str1.4
                0x10005dd1       0xa4 CMakeFiles/PL9823.dir/home/mitsuru/pico/pico-sdk/src/common/pico_util/pheap.c.obj
 .rodata.ph_remove_and_free_node.str1.4
                0x10005dd1       0x26 CMakeFiles/PL9823.dir/home/mitsuru/pico/pico-sdk/src/common/pico_util/pheap.c.obj
 *fill*         0x10005dd1        0x3 
 .rodata.__func__.0
                0x10005dd4       0x18 CMakeFiles/PL9823.dir/home/mitsuru/pico/pico-sdk/src/common/pico_util/pheap.c.obj
 .rodata.__func__.1
                0x10005dec       0x13 CMakeFiles/PL9823.dir/home/mitsuru/pico/pico-sdk/src/common/pico_util/pheap.c.obj
 *fill*         0x10005dff        0x1 
 .rodata.__func__.2
                0x10005e00       0x12 CMakeFiles/PL9823.dir/home/mitsuru/pico/pico-sdk/src/common/pico_util/pheap.c.obj
 *fill*         0x10005e12        0x2 
 .rodata.__func__.3
                0x10005e14        0xc CMakeFiles/PL9823.dir/home/mitsuru/pico/pico-sdk/src/common/pico_util/pheap.c.obj
 .rodata.clock_configure.str1.4
                0x10005e20       0x58 CMakeFiles/PL9823.dir/home/mitsuru/pico/pico-sdk/src/rp2_common/hardware_clocks/clocks.c.obj
 .rodata.__func__.1
                0x10005e20       0x10 CMakeFiles/PL9823.dir/home/mitsuru/pico/pico-sdk/src/rp2_common/hardware_clocks/clocks.c.obj
 .rodata.pll_init.str1.4
                0x10005e30      0x124 CMakeFiles/PL9823.dir/home/mitsuru/pico/pico-sdk/src/rp2_common/hardware_pll/pll.c.obj
 .rodata.__func__.0
                0x10005e30        0x9 CMakeFiles/PL9823.dir/home/mitsuru/pico/pico-sdk/src/rp2_common/hardware_pll/pll.c.obj
 .rodata.__assert_func.str1.4
                0x10005e39       0x43 CMakeFiles/PL9823.dir/home/mitsuru/pico/pico-sdk/src/rp2_common/pico_runtime/runtime.c.obj
 .rodata.runtime_init.str1.4
                0x10005e39       0x62 CMakeFiles/PL9823.dir/home/mitsuru/pico/pico-sdk/src/rp2_common/pico_runtime/runtime.c.obj
 .rodata.panic.str1.4
                0x10005e39       0x12 CMakeFiles/PL9823.dir/home/mitsuru/pico/pico-sdk/src/rp2_common/pico_runtime/runtime.c.obj
 *fill*         0x10005e39        0x3 
 .rodata.__func__.2
                0x10005e3c        0xd CMakeFiles/PL9823.dir/home/mitsuru/pico/pico-sdk/src/rp2_common/pico_runtime/runtime.c.obj
 .rodata._ftoa.str1.4
                0x10005e49       0x15 CMakeFiles/PL9823.dir/home/mitsuru/pico/pico-sdk/src/rp2_common/pico_printf/printf.c.obj
 *fill*         0x10005e49        0x3 
 .rodata._vsnprintf
                0x10005e4c      0x19c CMakeFiles/PL9823.dir/home/mitsuru/pico/pico-sdk/src/rp2_common/pico_printf/printf.c.obj
 .rodata.pow10.0
                0x10005fe8       0x50 CMakeFiles/PL9823.dir/home/mitsuru/pico/pico-sdk/src/rp2_common/pico_printf/printf.c.obj
 .rodata.__aeabi_double_init.str1.4
                0x10006038       0x9d CMakeFiles/PL9823.dir/home/mitsuru/pico/pico-sdk/src/rp2_common/pico_double/double_init_rom.c.obj
 .rodata.__func__.0
                0x10006038       0x14 CMakeFiles/PL9823.dir/home/mitsuru/pico/pico-sdk/src/rp2_common/pico_double/double_init_rom.c.obj
 .rodata.__aeabi_float_init.str1.4
                0x1000604c       0x7f CMakeFiles/PL9823.dir/home/mitsuru/pico/pico-sdk/src/rp2_common/pico_float/float_init_rom.c.obj
 .rodata.__func__.0
                0x1000604c       0x13 CMakeFiles/PL9823.dir/home/mitsuru/pico/pico-sdk/src/rp2_common/pico_float/float_init_rom.c.obj
 .rodata.str1.4
                0x1000605f       0x40 CMakeFiles/PL9823.dir/home/mitsuru/pico/pico-sdk/src/rp2_common/pico_standard_link/binary_info.c.obj
 *fill*         0x1000605f        0x1 
 .rodata.__bi_81
                0x10006060        0xc CMakeFiles/PL9823.dir/home/mitsuru/pico/pico-sdk/src/rp2_common/pico_standard_link/binary_info.c.obj
 .rodata.__bi_75
                0x1000606c        0xc CMakeFiles/PL9823.dir/home/mitsuru/pico/pico-sdk/src/rp2_common/pico_standard_link/binary_info.c.obj
 .rodata.__bi_56
                0x10006078        0xc CMakeFiles/PL9823.dir/home/mitsuru/pico/pico-sdk/src/rp2_common/pico_standard_link/binary_info.c.obj
 .rodata.__bi_44
                0x10006084        0xc CMakeFiles/PL9823.dir/home/mitsuru/pico/pico-sdk/src/rp2_common/pico_standard_link/binary_info.c.obj
 .rodata.update_us_since_boot.str1.4
                0x10006090       0x62 CMakeFiles/PL9823.dir/home/mitsuru/pico/pico-sdk/src/rp2_common/pico_stdio/stdio.c.obj
 .rodata.crlf_str.2
                0x10006090        0x2 CMakeFiles/PL9823.dir/home/mitsuru/pico/pico-sdk/src/rp2_common/pico_stdio/stdio.c.obj
 *fill*         0x10006092        0x2 
 .rodata.__func__.3
                0x10006094       0x15 CMakeFiles/PL9823.dir/home/mitsuru/pico/pico-sdk/src/rp2_common/pico_stdio/stdio.c.obj
 .rodata.str1.4
                0x100060a9       0x2c CMakeFiles/PL9823.dir/home/mitsuru/pico/pico-sdk/src/rp2_common/pico_stdio_uart/stdio_uart.c.obj
 *fill*         0x100060a9        0x3 
 .rodata.__bi_33.4
                0x100060ac        0xc CMakeFiles/PL9823.dir/home/mitsuru/pico/pico-sdk/src/rp2_common/pico_stdio_uart/stdio_uart.c.obj
 .rodata.__bi_34.5
                0x100060b8        0x8 CMakeFiles/PL9823.dir/home/mitsuru/pico/pico-sdk/src/rp2_common/pico_stdio_uart/stdio_uart.c.obj
 .rodata._pio_find_offset_for_program.str1.4
                0x100060c0       0x6a CMakeFiles/PL9823.dir/home/mitsuru/pico/pico-sdk/src/rp2_common/hardware_pio/pio.c.obj
 .rodata._pio_add_program_at_offset.str1.4
                0x100060c0       0x11 CMakeFiles/PL9823.dir/home/mitsuru/pico/pico-sdk/src/rp2_common/hardware_pio/pio.c.obj
 .rodata.__func__.1
                0x100060c0       0x1d CMakeFiles/PL9823.dir/home/mitsuru/pico/pico-sdk/src/rp2_common/hardware_pio/pio.c.obj
 *fill*         0x100060dd        0x3 
 .rodata._ZN5color8HSVtoRGBEv
                0x100060e0       0x18 color/libcolor.a(color.cpp.obj)
                0x100060f8                        . = ALIGN (0x4)
 *(SORT_BY_ALIGNMENT(SORT_BY_NAME(.flashdata*)))
                0x100060f8                        . = ALIGN (0x4)

.ARM.extab
 *(.ARM.extab* .gnu.linkonce.armextab.*)
                0x100060f8                        __exidx_start = .

.ARM.exidx
 *(.ARM.exidx* .gnu.linkonce.armexidx.*)
                0x100060f8                        __exidx_end = .
                0x100060f8                        . = ALIGN (0x4)
                0x100060f8                        __binary_info_start = .

.binary_info    0x100060f8       0x28
 *(.binary_info.keep.*)
 .binary_info.keep.__bi_ptr81
                0x100060f8        0x4 CMakeFiles/PL9823.dir/home/mitsuru/pico/pico-sdk/src/rp2_common/pico_standard_link/binary_info.c.obj
 .binary_info.keep.__bi_ptr75
                0x100060fc        0x4 CMakeFiles/PL9823.dir/home/mitsuru/pico/pico-sdk/src/rp2_common/pico_standard_link/binary_info.c.obj
 .binary_info.keep.__bi_ptr56
                0x10006100        0x4 CMakeFiles/PL9823.dir/home/mitsuru/pico/pico-sdk/src/rp2_common/pico_standard_link/binary_info.c.obj
 .binary_info.keep.__bi_ptr50
                0x10006104        0x4 CMakeFiles/PL9823.dir/home/mitsuru/pico/pico-sdk/src/rp2_common/pico_standard_link/binary_info.c.obj
 .binary_info.keep.__bi_ptr44
                0x10006108        0x4 CMakeFiles/PL9823.dir/home/mitsuru/pico/pico-sdk/src/rp2_common/pico_standard_link/binary_info.c.obj
 .binary_info.keep.__bi_ptr38
                0x1000610c        0x4 CMakeFiles/PL9823.dir/home/mitsuru/pico/pico-sdk/src/rp2_common/pico_standard_link/binary_info.c.obj
 .binary_info.keep.__bi_ptr30
                0x10006110        0x4 CMakeFiles/PL9823.dir/home/mitsuru/pico/pico-sdk/src/rp2_common/pico_standard_link/binary_info.c.obj
 .binary_info.keep.__bi_ptr22
                0x10006114        0x4 CMakeFiles/PL9823.dir/home/mitsuru/pico/pico-sdk/src/rp2_common/pico_standard_link/binary_info.c.obj
 *(.binary_info.*)
 .binary_info.__bi_ptr34
                0x10006118        0x4 CMakeFiles/PL9823.dir/home/mitsuru/pico/pico-sdk/src/rp2_common/pico_stdio_uart/stdio_uart.c.obj
 .binary_info.__bi_ptr33
                0x1000611c        0x4 CMakeFiles/PL9823.dir/home/mitsuru/pico/pico-sdk/src/rp2_common/pico_stdio_uart/stdio_uart.c.obj
                0x10006120                        __binary_info_end = .

.rel.dyn        0x10006120        0x0
 .rel.iplt      0x10006120        0x0 /usr/lib/gcc/arm-none-eabi/13.2.1/thumb/v6-m/nofp/crtbegin.o
                0x10006120                        . = ALIGN (0x4)

.ram_vector_table
                0x20000000       0xc0
 *(.ram_vector_table)
 .ram_vector_table
                0x20000000       0xc0 CMakeFiles/PL9823.dir/home/mitsuru/pico/pico-sdk/src/rp2_common/pico_runtime/runtime.c.obj
                0x20000000                ram_vector_table

.data           0x200000c0      0x248 load address 0x10006120
                0x200000c0                        __data_start__ = .
 *(vtable)
 *(.time_critical*)
 .time_critical.mutex_try_enter
                0x200000c0       0x46 CMakeFiles/PL9823.dir/home/mitsuru/pico/pico-sdk/src/common/pico_sync/mutex.c.obj
                0x200000c0                mutex_try_enter
 *fill*         0x20000106        0x2 
 .time_critical.mutex_enter_block_until
                0x20000108       0x8c CMakeFiles/PL9823.dir/home/mitsuru/pico/pico-sdk/src/common/pico_sync/mutex.c.obj
                0x20000108                mutex_enter_block_until
 .time_critical.mutex_try_enter_block_until
                0x20000194       0x34 CMakeFiles/PL9823.dir/home/mitsuru/pico/pico-sdk/src/common/pico_sync/mutex.c.obj
                0x20000194                mutex_try_enter_block_until
 .time_critical.mutex_exit
                0x200001c8       0x4c CMakeFiles/PL9823.dir/home/mitsuru/pico/pico-sdk/src/common/pico_sync/mutex.c.obj
                0x200001c8                mutex_exit
 *(.text*)
 .text          0x20000214        0x4 /usr/lib/gcc/arm-none-eabi/13.2.1/thumb/v6-m/nofp/libgcc.a(_dvmd_tls.o)
                0x20000214                __aeabi_ldiv0
                0x20000214                __aeabi_idiv0
 .text.__stub   0x20000218       0x20 linker stubs
                0x20000238                        . = ALIGN (0x4)
 *(.rodata*)
                0x20000238                        . = ALIGN (0x4)
 *(.data*)
 .data.striped_spin_lock_num
                0x20000238        0x1 CMakeFiles/PL9823.dir/home/mitsuru/pico/pico-sdk/src/rp2_common/hardware_sync/sync.c.obj
 *fill*         0x20000239        0x3 
 .data          0x2000023c       0x48 CMakeFiles/PL9823.dir/home/mitsuru/pico/pico-sdk/src/rp2_common/hardware_irq/irq_handler_chain.S.obj
                0x2000023c                irq_handler_chain_slots
                0x2000026c                irq_handler_chain_first_slot
                0x20000276                irq_handler_chain_remove_tail
 .data.default_alarm_pool
                0x20000284       0x18 CMakeFiles/PL9823.dir/home/mitsuru/pico/pico-sdk/src/common/pico_time/time.c.obj
 .data.default_alarm_pool_heap
                0x2000029c       0x10 CMakeFiles/PL9823.dir/home/mitsuru/pico/pico-sdk/src/common/pico_time/time.c.obj
 *fill*         0x200002ac        0x4 
 .data.aeabi_bits_funcs
                0x200002b0       0x10 CMakeFiles/PL9823.dir/home/mitsuru/pico/pico-sdk/src/rp2_common/pico_bit_ops/bit_ops_aeabi.S.obj
                0x200002b0                aeabi_bits_funcs
                0x200002c0                aeabi_bits_funcs_end
 .data.aeabi_mem_funcs
                0x200002c0       0x10 CMakeFiles/PL9823.dir/home/mitsuru/pico/pico-sdk/src/rp2_common/pico_mem_ops/mem_ops_aeabi.S.obj
                0x200002c0                aeabi_mem_funcs
                0x200002d0                aeabi_mem_funcs_end
 .data.stdio_uart
                0x200002d0       0x18 CMakeFiles/PL9823.dir/home/mitsuru/pico/pico-sdk/src/rp2_common/pico_stdio_uart/stdio_uart.c.obj
                0x200002d0                stdio_uart
                0x200002e8                        . = ALIGN (0x4)
 *(.after_data.*)
                0x200002e8                        . = ALIGN (0x4)
                0x200002e8                        PROVIDE (__mutex_array_start = .)
 *(SORT_BY_NAME(.mutex_array.*))
 *(.mutex_array)
 .mutex_array   0x200002e8        0x8 CMakeFiles/PL9823.dir/home/mitsuru/pico/pico-sdk/src/rp2_common/pico_stdio/stdio.c.obj
                0x200002f0                        PROVIDE (__mutex_array_end = .)
                0x200002f0                        . = ALIGN (0x4)
                0x200002f0                        PROVIDE (__preinit_array_start = .)
 *(SORT_BY_NAME(.preinit_array.*))
 .preinit_array.00001
                0x200002f0        0x4 CMakeFiles/PL9823.dir/home/mitsuru/pico/pico-sdk/src/rp2_common/pico_mem_ops/mem_ops_aeabi.S.obj
 .preinit_array.00010
                0x200002f4        0x4 CMakeFiles/PL9823.dir/home/mitsuru/pico/pico-sdk/src/rp2_common/pico_bit_ops/bit_ops_aeabi.S.obj
 .preinit_array.00020
                0x200002f8        0x4 CMakeFiles/PL9823.dir/home/mitsuru/pico/pico-sdk/src/rp2_common/pico_double/double_aeabi.S.obj
 .preinit_array.00020
                0x200002fc        0x4 CMakeFiles/PL9823.dir/home/mitsuru/pico/pico-sdk/src/rp2_common/pico_float/float_aeabi.S.obj
 *(.preinit_array)
                0x20000300                        PROVIDE (__preinit_array_end = .)
                0x20000300                        . = ALIGN (0x4)
                0x20000300                        PROVIDE (__init_array_start = .)
 *(SORT_BY_NAME(.init_array.*))
 .init_array.00000
                0x20000300        0x4 /usr/lib/gcc/arm-none-eabi/13.2.1/../../../arm-none-eabi/lib/thumb/v6-m/nofp/libg.a(libc_a-__call_atexit.o)
 *(.init_array)
 .init_array    0x20000304        0x4 /usr/lib/gcc/arm-none-eabi/13.2.1/thumb/v6-m/nofp/crtbegin.o
                0x20000308                        PROVIDE (__init_array_end = .)
                0x20000308                        . = ALIGN (0x4)
                0x20000308                        PROVIDE (__fini_array_start = .)
 *(SORT_BY_NAME(.fini_array.*))
 *(.fini_array)
                0x20000308                        PROVIDE (__fini_array_end = .)
 *(.jcr)
                0x20000308                        . = ALIGN (0x4)
                0x20000308                        __data_end__ = .
                0x10006120                        __etext = LOADADDR (.data)

.tm_clone_table
                0x20000308        0x0 load address 0x10006368
 .tm_clone_table
                0x20000308        0x0 /usr/lib/gcc/arm-none-eabi/13.2.1/thumb/v6-m/nofp/crtbegin.o
 .tm_clone_table
                0x20000308        0x0 /usr/lib/gcc/arm-none-eabi/13.2.1/thumb/v6-m/nofp/crtend.o

.igot.plt       0x20000308        0x0 load address 0x10006368
 .igot.plt      0x20000308        0x0 /usr/lib/gcc/arm-none-eabi/13.2.1/thumb/v6-m/nofp/crtbegin.o

.uninitialized_data
                0x20000308        0x0 load address 0x10006368
                0x20000308                        . = ALIGN (0x4)
 *(.uninitialized_data*)

.scratch_x      0x20040000        0x0 load address 0x10006368
                0x20040000                        __scratch_x_start__ = .
 *(.scratch_x.*)
                0x20040000                        . = ALIGN (0x4)
                0x20040000                        __scratch_x_end__ = .
                0x10006368                        __scratch_x_source__ = LOADADDR (.scratch_x)

.scratch_y      0x20041000        0x0 load address 0x10006368
                0x20041000                        __scratch_y_start__ = .
 *(.scratch_y.*)
                0x20041000                        . = ALIGN (0x4)
                0x20041000                        __scratch_y_end__ = .
                0x10006368                        __scratch_y_source__ = LOADADDR (.scratch_y)

.bss            0x20000308      0x574
                0x20000308                        . = ALIGN (0x4)
                0x20000308                        __bss_start__ = .
 *(SORT_BY_ALIGNMENT(SORT_BY_NAME(.bss*)))
 .bss.default_alarm_pool_entries
                0x20000308      0x100 CMakeFiles/PL9823.dir/home/mitsuru/pico/pico-sdk/src/common/pico_time/time.c.obj
 .bss           0x20000408       0x1c /usr/lib/gcc/arm-none-eabi/13.2.1/thumb/v6-m/nofp/crtbegin.o
 .bss           0x20000424      0x190 /usr/lib/gcc/arm-none-eabi/13.2.1/../../../arm-none-eabi/lib/thumb/v6-m/nofp/libg.a(libc_a-__atexit.o)
                0x20000424                __atexit0
 .bss           0x200005b4        0x4 /usr/lib/gcc/arm-none-eabi/13.2.1/../../../arm-none-eabi/lib/thumb/v6-m/nofp/libg.a(libc_a-__call_atexit.o)
                0x200005b4                __atexit
 .bss._used_instruction_space
                0x200005b8        0x8 CMakeFiles/PL9823.dir/home/mitsuru/pico/pico-sdk/src/rp2_common/hardware_pio/pio.c.obj
 .bss.alarm_callbacks
                0x200005c0       0x10 CMakeFiles/PL9823.dir/home/mitsuru/pico/pico-sdk/src/rp2_common/hardware_timer/timer.c.obj
 .bss.chars_available_callback
                0x200005d0        0x4 CMakeFiles/PL9823.dir/home/mitsuru/pico/pico-sdk/src/rp2_common/pico_stdio_uart/stdio_uart.c.obj
 .bss.chars_available_param
                0x200005d4        0x4 CMakeFiles/PL9823.dir/home/mitsuru/pico/pico-sdk/src/rp2_common/pico_stdio_uart/stdio_uart.c.obj
 .bss.configured_freq
                0x200005d8       0x28 CMakeFiles/PL9823.dir/home/mitsuru/pico/pico-sdk/src/rp2_common/hardware_clocks/clocks.c.obj
 .bss.default_alarm_pool_entry_ids_high
                0x20000600       0x10 CMakeFiles/PL9823.dir/home/mitsuru/pico/pico-sdk/src/common/pico_time/time.c.obj
 .bss.default_alarm_pool_heap_nodes
                0x20000610       0x30 CMakeFiles/PL9823.dir/home/mitsuru/pico/pico-sdk/src/common/pico_time/time.c.obj
 .bss.drivers   0x20000640        0x4 CMakeFiles/PL9823.dir/home/mitsuru/pico/pico-sdk/src/rp2_common/pico_stdio/stdio.c.obj
 .bss.filter    0x20000644        0x4 CMakeFiles/PL9823.dir/home/mitsuru/pico/pico-sdk/src/rp2_common/pico_stdio/stdio.c.obj
 .bss.pools     0x20000648       0x10 CMakeFiles/PL9823.dir/home/mitsuru/pico/pico-sdk/src/common/pico_time/time.c.obj
 .bss.sd_table  0x20000658      0x100 CMakeFiles/PL9823.dir/home/mitsuru/pico/pico-sdk/src/rp2_common/pico_double/double_init_rom.c.obj
                0x20000658                sd_table
 .bss.sf_clz_func
                0x20000758        0x4 CMakeFiles/PL9823.dir/home/mitsuru/pico/pico-sdk/src/rp2_common/pico_double/double_init_rom.c.obj
                0x20000758                sf_clz_func
 .bss.sf_table  0x2000075c      0x100 CMakeFiles/PL9823.dir/home/mitsuru/pico/pico-sdk/src/rp2_common/pico_float/float_init_rom.c.obj
                0x2000075c                sf_table
 .bss.sleep_notifier
                0x2000085c        0x4 CMakeFiles/PL9823.dir/home/mitsuru/pico/pico-sdk/src/common/pico_time/time.c.obj
 .bss.target_hi
                0x20000860       0x10 CMakeFiles/PL9823.dir/home/mitsuru/pico/pico-sdk/src/rp2_common/hardware_timer/timer.c.obj
 .bss.uart_char_to_line_feed
                0x20000870        0x4 CMakeFiles/PL9823.dir/home/mitsuru/pico/pico-sdk/src/rp2_common/hardware_uart/uart.c.obj
                0x20000870                uart_char_to_line_feed
 .bss.uart_instance
                0x20000874        0x4 CMakeFiles/PL9823.dir/home/mitsuru/pico/pico-sdk/src/rp2_common/pico_stdio_uart/stdio_uart.c.obj
 .bss.claimed   0x20000878        0x1 CMakeFiles/PL9823.dir/home/mitsuru/pico/pico-sdk/src/rp2_common/hardware_timer/timer.c.obj
 .bss.irq_hander_chain_free_slot_head
                0x20000879        0x1 CMakeFiles/PL9823.dir/home/mitsuru/pico/pico-sdk/src/rp2_common/hardware_irq/irq.c.obj
 .bss.timer_callbacks_pending
                0x2000087a        0x1 CMakeFiles/PL9823.dir/home/mitsuru/pico/pico-sdk/src/rp2_common/hardware_timer/timer.c.obj
 *(COMMON)
                0x2000087c                        . = ALIGN (0x4)
 *fill*         0x2000087b        0x1 
                0x2000087c                        __bss_end__ = .

.heap           0x2000087c      0x800
                0x2000087c                        __end__ = .
                0x2000087c                        end = __end__
 *(.heap*)
 .heap          0x2000087c      0x800 CMakeFiles/PL9823.dir/home/mitsuru/pico/pico-sdk/src/rp2_common/pico_standard_link/crt0.S.obj
                0x2000107c                        __HeapLimit = .

.stack1_dummy
 *(.stack1*)

.stack_dummy    0x20041000      0x800
 *(.stack*)
 .stack         0x20041000      0x800 CMakeFiles/PL9823.dir/home/mitsuru/pico/pico-sdk/src/rp2_common/pico_standard_link/crt0.S.obj

.flash_end      0x10006368        0x0
                0x10006368                        PROVIDE (__flash_binary_end = .)
                0x20040000                        __StackLimit = (ORIGIN (RAM) + LENGTH (RAM))
                0x20041000                        __StackOneTop = (ORIGIN (SCRATCH_X) + LENGTH (SCRATCH_X))
                0x20042000                        __StackTop = (ORIGIN (SCRATCH_Y) + LENGTH (SCRATCH_Y))
                0x20041000                        __StackOneBottom = (__StackOneTop - SIZEOF (.stack1_dummy))
                0x20041800                        __StackBottom = (__StackTop - SIZEOF (.stack_dummy))
                0x20042000                        PROVIDE (__stack = __StackTop)
                0x00000001                        ASSERT ((__StackLimit >= __HeapLimit), region RAM overflowed)
                0x00000001                        ASSERT (((__binary_info_header_end - __logical_binary_start) <= 0x100), Binary info must be in first 256 bytes of the binary)
LOAD CMakeFiles/PL9823.dir/main.cpp.obj
LOAD CMakeFiles/PL9823.dir/home/mitsuru/pico/pico-sdk/src/rp2_common/pico_stdlib/stdlib.c.obj
LOAD CMakeFiles/PL9823.dir/home/mitsuru/pico/pico-sdk/src/rp2_common/hardware_gpio/gpio.c.obj
LOAD CMakeFiles/PL9823.dir/home/mitsuru/pico/pico-sdk/src/rp2_common/pico_platform/platform.c.obj
LOAD CMakeFiles/PL9823.dir/home/mitsuru/pico/pico-sdk/src/rp2_common/hardware_claim/claim.c.obj
LOAD CMakeFiles/PL9823.dir/home/mitsuru/pico/pico-sdk/src/rp2_common/hardware_sync/sync.c.obj
LOAD CMakeFiles/PL9823.dir/home/mitsuru/pico/pico-sdk/src/rp2_common/hardware_irq/irq.c.obj
LOAD CMakeFiles/PL9823.dir/home/mitsuru/pico/pico-sdk/src/rp2_common/hardware_irq/irq_handler_chain.S.obj
LOAD CMakeFiles/PL9823.dir/home/mitsuru/pico/pico-sdk/src/common/pico_sync/sem.c.obj
LOAD CMakeFiles/PL9823.dir/home/mitsuru/pico/pico-sdk/src/common/pico_sync/lock_core.c.obj
LOAD CMakeFiles/PL9823.dir/home/mitsuru/pico/pico-sdk/src/common/pico_sync/mutex.c.obj
LOAD CMakeFiles/PL9823.dir/home/mitsuru/pico/pico-sdk/src/common/pico_sync/critical_section.c.obj
LOAD CMakeFiles/PL9823.dir/home/mitsuru/pico/pico-sdk/src/common/pico_time/time.c.obj
LOAD CMakeFiles/PL9823.dir/home/mitsuru/pico/pico-sdk/src/common/pico_time/timeout_helper.c.obj
LOAD CMakeFiles/PL9823.dir/home/mitsuru/pico/pico-sdk/src/rp2_common/hardware_timer/timer.c.obj
LOAD CMakeFiles/PL9823.dir/home/mitsuru/pico/pico-sdk/src/common/pico_util/datetime.c.obj
LOAD CMakeFiles/PL9823.dir/home/mitsuru/pico/pico-sdk/src/common/pico_util/pheap.c.obj
LOAD CMakeFiles/PL9823.dir/home/mitsuru/pico/pico-sdk/src/common/pico_util/queue.c.obj
LOAD CMakeFiles/PL9823.dir/home/mitsuru/pico/pico-sdk/src/rp2_common/hardware_uart/uart.c.obj
LOAD CMakeFiles/PL9823.dir/home/mitsuru/pico/pico-sdk/src/rp2_common/hardware_clocks/clocks.c.obj
LOAD CMakeFiles/PL9823.dir/home/mitsuru/pico/pico-sdk/src/rp2_common/hardware_pll/pll.c.obj
LOAD CMakeFiles/PL9823.dir/home/mitsuru/pico/pico-sdk/src/rp2_common/hardware_vreg/vreg.c.obj
LOAD CMakeFiles/PL9823.dir/home/mitsuru/pico/pico-sdk/src/rp2_common/hardware_watchdog/watchdog.c.obj
LOAD CMakeFiles/PL9823.dir/home/mitsuru/pico/pico-sdk/src/rp2_common/hardware_xosc/xosc.c.obj
LOAD CMakeFiles/PL9823.dir/home/mitsuru/pico/pico-sdk/src/rp2_common/hardware_divider/divider.S.obj
LOAD CMakeFiles/PL9823.dir/home/mitsuru/pico/pico-sdk/src/rp2_common/pico_runtime/runtime.c.obj
LOAD CMakeFiles/PL9823.dir/home/mitsuru/pico/pico-sdk/src/rp2_common/pico_printf/printf.c.obj
LOAD CMakeFiles/PL9823.dir/home/mitsuru/pico/pico-sdk/src/rp2_common/pico_bit_ops/bit_ops_aeabi.S.obj
LOAD CMakeFiles/PL9823.dir/home/mitsuru/pico/pico-sdk/src/rp2_common/pico_bootrom/bootrom.c.obj
LOAD CMakeFiles/PL9823.dir/home/mitsuru/pico/pico-sdk/src/rp2_common/pico_divider/divider.S.obj
LOAD CMakeFiles/PL9823.dir/home/mitsuru/pico/pico-sdk/src/rp2_common/pico_double/double_aeabi.S.obj
LOAD CMakeFiles/PL9823.dir/home/mitsuru/pico/pico-sdk/src/rp2_common/pico_double/double_init_rom.c.obj
LOAD CMakeFiles/PL9823.dir/home/mitsuru/pico/pico-sdk/src/rp2_common/pico_double/double_math.c.obj
LOAD CMakeFiles/PL9823.dir/home/mitsuru/pico/pico-sdk/src/rp2_common/pico_double/double_v1_rom_shim.S.obj
LOAD CMakeFiles/PL9823.dir/home/mitsuru/pico/pico-sdk/src/rp2_common/pico_int64_ops/pico_int64_ops_aeabi.S.obj
LOAD CMakeFiles/PL9823.dir/home/mitsuru/pico/pico-sdk/src/rp2_common/pico_float/float_aeabi.S.obj
LOAD CMakeFiles/PL9823.dir/home/mitsuru/pico/pico-sdk/src/rp2_common/pico_float/float_init_rom.c.obj
LOAD CMakeFiles/PL9823.dir/home/mitsuru/pico/pico-sdk/src/rp2_common/pico_float/float_math.c.obj
LOAD CMakeFiles/PL9823.dir/home/mitsuru/pico/pico-sdk/src/rp2_common/pico_float/float_v1_rom_shim.S.obj
LOAD CMakeFiles/PL9823.dir/home/mitsuru/pico/pico-sdk/src/rp2_common/pico_malloc/pico_malloc.c.obj
LOAD CMakeFiles/PL9823.dir/home/mitsuru/pico/pico-sdk/src/rp2_common/pico_mem_ops/mem_ops_aeabi.S.obj
LOAD CMakeFiles/PL9823.dir/home/mitsuru/pico/pico-sdk/src/rp2_common/pico_standard_link/crt0.S.obj
LOAD CMakeFiles/PL9823.dir/home/mitsuru/pico/pico-sdk/src/rp2_common/pico_standard_link/new_delete.cpp.obj
LOAD CMakeFiles/PL9823.dir/home/mitsuru/pico/pico-sdk/src/rp2_common/pico_standard_link/binary_info.c.obj
LOAD CMakeFiles/PL9823.dir/home/mitsuru/pico/pico-sdk/src/rp2_common/pico_stdio/stdio.c.obj
LOAD CMakeFiles/PL9823.dir/home/mitsuru/pico/pico-sdk/src/rp2_common/pico_stdio_uart/stdio_uart.c.obj
LOAD CMakeFiles/PL9823.dir/home/mitsuru/pico/pico-sdk/src/rp2_common/hardware_pio/pio.c.obj
LOAD color/libcolor.a
LOAD /tmp/ccb79dbf.o
LOAD /usr/lib/gcc/arm-none-eabi/13.2.1/../../../arm-none-eabi/lib/thumb/v6-m/nofp/libstdc++.a
LOAD /usr/lib/gcc/arm-none-eabi/13.2.1/../../../arm-none-eabi/lib/thumb/v6-m/nofp/libm.a
START GROUP
LOAD /usr/lib/gcc/arm-none-eabi/13.2.1/thumb/v6-m/nofp/libgcc.a
LOAD /usr/lib/gcc/arm-none-eabi/13.2.1/../../../arm-none-eabi/lib/thumb/v6-m/nofp/libg.a
LOAD /usr/lib/gcc/arm-none-eabi/13.2.1/../../../arm-none-eabi/lib/thumb/v6-m/nofp/libc.a
END GROUP
START GROUP
LOAD /usr/lib/gcc/arm-none-eabi/13.2.1/thumb/v6-m/nofp/libgcc.a
LOAD /usr/lib/gcc/arm-none-eabi/13.2.1/../../../arm-none-eabi/lib/thumb/v6-m/nofp/libc.a
LOAD /usr/lib/gcc/arm-none-eabi/13.2.1/../../../arm-none-eabi/lib/thumb/v6-m/nofp/libnosys.a
END GROUP
LOAD /usr/lib/gcc/arm-none-eabi/13.2.1/thumb/v6-m/nofp/crtend.o
LOAD /usr/lib/gcc/arm-none-eabi/13.2.1/thumb/v6-m/nofp/crtn.o
OUTPUT(PL9823.elf elf32-littlearm)
LOAD linker stubs

.ARM.attributes
                0x00000000       0x28
 .ARM.attributes
                0x00000000       0x1e /usr/lib/gcc/arm-none-eabi/13.2.1/thumb/v6-m/nofp/crti.o
 .ARM.attributes
                0x0000001e       0x2c /usr/lib/gcc/arm-none-eabi/13.2.1/thumb/v6-m/nofp/crtbegin.o
 .ARM.attributes
                0x0000004a       0x2c CMakeFiles/PL9823.dir/main.cpp.obj
 .ARM.attributes
                0x00000076       0x2c CMakeFiles/PL9823.dir/home/mitsuru/pico/pico-sdk/src/rp2_common/hardware_gpio/gpio.c.obj
 .ARM.attributes
                0x000000a2       0x2c CMakeFiles/PL9823.dir/home/mitsuru/pico/pico-sdk/src/rp2_common/pico_platform/platform.c.obj
 .ARM.attributes
                0x000000ce       0x2c CMakeFiles/PL9823.dir/home/mitsuru/pico/pico-sdk/src/rp2_common/hardware_claim/claim.c.obj
 .ARM.attributes
                0x000000fa       0x2c CMakeFiles/PL9823.dir/home/mitsuru/pico/pico-sdk/src/rp2_common/hardware_sync/sync.c.obj
 .ARM.attributes
                0x00000126       0x2c CMakeFiles/PL9823.dir/home/mitsuru/pico/pico-sdk/src/rp2_common/hardware_irq/irq.c.obj
 .ARM.attributes
                0x00000152       0x22 CMakeFiles/PL9823.dir/home/mitsuru/pico/pico-sdk/src/rp2_common/hardware_irq/irq_handler_chain.S.obj
 .ARM.attributes
                0x00000174       0x2c CMakeFiles/PL9823.dir/home/mitsuru/pico/pico-sdk/src/common/pico_sync/lock_core.c.obj
 .ARM.attributes
                0x000001a0       0x2c CMakeFiles/PL9823.dir/home/mitsuru/pico/pico-sdk/src/common/pico_sync/mutex.c.obj
 .ARM.attributes
                0x000001cc       0x2c CMakeFiles/PL9823.dir/home/mitsuru/pico/pico-sdk/src/common/pico_time/time.c.obj
 .ARM.attributes
                0x000001f8       0x2c CMakeFiles/PL9823.dir/home/mitsuru/pico/pico-sdk/src/rp2_common/hardware_timer/timer.c.obj
 .ARM.attributes
                0x00000224       0x2c CMakeFiles/PL9823.dir/home/mitsuru/pico/pico-sdk/src/common/pico_util/pheap.c.obj
 .ARM.attributes
                0x00000250       0x2c CMakeFiles/PL9823.dir/home/mitsuru/pico/pico-sdk/src/rp2_common/hardware_uart/uart.c.obj
 .ARM.attributes
                0x0000027c       0x2c CMakeFiles/PL9823.dir/home/mitsuru/pico/pico-sdk/src/rp2_common/hardware_clocks/clocks.c.obj
 .ARM.attributes
                0x000002a8       0x2c CMakeFiles/PL9823.dir/home/mitsuru/pico/pico-sdk/src/rp2_common/hardware_pll/pll.c.obj
 .ARM.attributes
                0x000002d4       0x2c CMakeFiles/PL9823.dir/home/mitsuru/pico/pico-sdk/src/rp2_common/hardware_watchdog/watchdog.c.obj
 .ARM.attributes
                0x00000300       0x2c CMakeFiles/PL9823.dir/home/mitsuru/pico/pico-sdk/src/rp2_common/hardware_xosc/xosc.c.obj
 .ARM.attributes
                0x0000032c       0x2c CMakeFiles/PL9823.dir/home/mitsuru/pico/pico-sdk/src/rp2_common/pico_runtime/runtime.c.obj
 .ARM.attributes
                0x00000358       0x2c CMakeFiles/PL9823.dir/home/mitsuru/pico/pico-sdk/src/rp2_common/pico_printf/printf.c.obj
 .ARM.attributes
                0x00000384       0x22 CMakeFiles/PL9823.dir/home/mitsuru/pico/pico-sdk/src/rp2_common/pico_bit_ops/bit_ops_aeabi.S.obj
 .ARM.attributes
                0x000003a6       0x2c CMakeFiles/PL9823.dir/home/mitsuru/pico/pico-sdk/src/rp2_common/pico_bootrom/bootrom.c.obj
 .ARM.attributes
                0x000003d2       0x22 CMakeFiles/PL9823.dir/home/mitsuru/pico/pico-sdk/src/rp2_common/pico_divider/divider.S.obj
 .ARM.attributes
                0x000003f4       0x22 CMakeFiles/PL9823.dir/home/mitsuru/pico/pico-sdk/src/rp2_common/pico_double/double_aeabi.S.obj
 .ARM.attributes
                0x00000416       0x2c CMakeFiles/PL9823.dir/home/mitsuru/pico/pico-sdk/src/rp2_common/pico_double/double_init_rom.c.obj
 .ARM.attributes
                0x00000442       0x22 CMakeFiles/PL9823.dir/home/mitsuru/pico/pico-sdk/src/rp2_common/pico_double/double_v1_rom_shim.S.obj
 .ARM.attributes
                0x00000464       0x22 CMakeFiles/PL9823.dir/home/mitsuru/pico/pico-sdk/src/rp2_common/pico_int64_ops/pico_int64_ops_aeabi.S.obj
 .ARM.attributes
                0x00000486       0x22 CMakeFiles/PL9823.dir/home/mitsuru/pico/pico-sdk/src/rp2_common/pico_float/float_aeabi.S.obj
 .ARM.attributes
                0x000004a8       0x2c CMakeFiles/PL9823.dir/home/mitsuru/pico/pico-sdk/src/rp2_common/pico_float/float_init_rom.c.obj
 .ARM.attributes
                0x000004d4       0x2c CMakeFiles/PL9823.dir/home/mitsuru/pico/pico-sdk/src/rp2_common/pico_float/float_math.c.obj
 .ARM.attributes
                0x00000500       0x22 CMakeFiles/PL9823.dir/home/mitsuru/pico/pico-sdk/src/rp2_common/pico_float/float_v1_rom_shim.S.obj
 .ARM.attributes
                0x00000522       0x22 CMakeFiles/PL9823.dir/home/mitsuru/pico/pico-sdk/src/rp2_common/pico_mem_ops/mem_ops_aeabi.S.obj
 .ARM.attributes
                0x00000544       0x22 CMakeFiles/PL9823.dir/home/mitsuru/pico/pico-sdk/src/rp2_common/pico_standard_link/crt0.S.obj
 .ARM.attributes
                0x00000566       0x2c CMakeFiles/PL9823.dir/home/mitsuru/pico/pico-sdk/src/rp2_common/pico_standard_link/binary_info.c.obj
 .ARM.attributes
                0x00000592       0x2c CMakeFiles/PL9823.dir/home/mitsuru/pico/pico-sdk/src/rp2_common/pico_stdio/stdio.c.obj
 .ARM.attributes
                0x000005be       0x2c CMakeFiles/PL9823.dir/home/mitsuru/pico/pico-sdk/src/rp2_common/pico_stdio_uart/stdio_uart.c.obj
 .ARM.attributes
                0x000005ea       0x2c CMakeFiles/PL9823.dir/home/mitsuru/pico/pico-sdk/src/rp2_common/hardware_pio/pio.c.obj
 .ARM.attributes
                0x00000616       0x2c color/libcolor.a(color.cpp.obj)
 .ARM.attributes
                0x00000642       0x22 /tmp/ccb79dbf.o
 .ARM.attributes
                0x00000664       0x1e /usr/lib/gcc/arm-none-eabi/13.2.1/thumb/v6-m/nofp/libgcc.a(_dvmd_tls.o)
 .ARM.attributes
                0x00000682       0x2c /usr/lib/gcc/arm-none-eabi/13.2.1/../../../arm-none-eabi/lib/thumb/v6-m/nofp/libg.a(libc_a-atexit.o)
 .ARM.attributes
                0x000006ae       0x2c /usr/lib/gcc/arm-none-eabi/13.2.1/../../../arm-none-eabi/lib/thumb/v6-m/nofp/libg.a(libc_a-strlen-stub.o)
 .ARM.attributes
                0x000006da       0x2c /usr/lib/gcc/arm-none-eabi/13.2.1/../../../arm-none-eabi/lib/thumb/v6-m/nofp/libg.a(libc_a-fini.o)
 .ARM.attributes
                0x00000706       0x2c /usr/lib/gcc/arm-none-eabi/13.2.1/../../../arm-none-eabi/lib/thumb/v6-m/nofp/libg.a(libc_a-__atexit.o)
 .ARM.attributes
                0x00000732       0x2c /usr/lib/gcc/arm-none-eabi/13.2.1/../../../arm-none-eabi/lib/thumb/v6-m/nofp/libg.a(libc_a-__call_atexit.o)
 .ARM.attributes
                0x0000075e       0x2c /usr/lib/gcc/arm-none-eabi/13.2.1/thumb/v6-m/nofp/crtend.o

.comment        0x00000000       0x26
 .comment       0x00000000       0x26 /usr/lib/gcc/arm-none-eabi/13.2.1/thumb/v6-m/nofp/crtbegin.o
                                 0x27 (size before relaxing)
 .comment       0x00000026       0x27 CMakeFiles/PL9823.dir/main.cpp.obj
 .comment       0x00000026       0x27 CMakeFiles/PL9823.dir/home/mitsuru/pico/pico-sdk/src/rp2_common/hardware_gpio/gpio.c.obj
 .comment       0x00000026       0x27 CMakeFiles/PL9823.dir/home/mitsuru/pico/pico-sdk/src/rp2_common/pico_platform/platform.c.obj
 .comment       0x00000026       0x27 CMakeFiles/PL9823.dir/home/mitsuru/pico/pico-sdk/src/rp2_common/hardware_claim/claim.c.obj
 .comment       0x00000026       0x27 CMakeFiles/PL9823.dir/home/mitsuru/pico/pico-sdk/src/rp2_common/hardware_sync/sync.c.obj
 .comment       0x00000026       0x27 CMakeFiles/PL9823.dir/home/mitsuru/pico/pico-sdk/src/rp2_common/hardware_irq/irq.c.obj
 .comment       0x00000026       0x27 CMakeFiles/PL9823.dir/home/mitsuru/pico/pico-sdk/src/common/pico_sync/lock_core.c.obj
 .comment       0x00000026       0x27 CMakeFiles/PL9823.dir/home/mitsuru/pico/pico-sdk/src/common/pico_sync/mutex.c.obj
 .comment       0x00000026       0x27 CMakeFiles/PL9823.dir/home/mitsuru/pico/pico-sdk/src/common/pico_time/time.c.obj
 .comment       0x00000026       0x27 CMakeFiles/PL9823.dir/home/mitsuru/pico/pico-sdk/src/rp2_common/hardware_timer/timer.c.obj
 .comment       0x00000026       0x27 CMakeFiles/PL9823.dir/home/mitsuru/pico/pico-sdk/src/common/pico_util/pheap.c.obj
 .comment       0x00000026       0x27 CMakeFiles/PL9823.dir/home/mitsuru/pico/pico-sdk/src/rp2_common/hardware_uart/uart.c.obj
 .comment       0x00000026       0x27 CMakeFiles/PL9823.dir/home/mitsuru/pico/pico-sdk/src/rp2_common/hardware_clocks/clocks.c.obj
 .comment       0x00000026       0x27 CMakeFiles/PL9823.dir/home/mitsuru/pico/pico-sdk/src/rp2_common/hardware_pll/pll.c.obj
 .comment       0x00000026       0x27 CMakeFiles/PL9823.dir/home/mitsuru/pico/pico-sdk/src/rp2_common/hardware_watchdog/watchdog.c.obj
 .comment       0x00000026       0x27 CMakeFiles/PL9823.dir/home/mitsuru/pico/pico-sdk/src/rp2_common/hardware_xosc/xosc.c.obj
 .comment       0x00000026       0x27 CMakeFiles/PL9823.dir/home/mitsuru/pico/pico-sdk/src/rp2_common/pico_runtime/runtime.c.obj
 .comment       0x00000026       0x27 CMakeFiles/PL9823.dir/home/mitsuru/pico/pico-sdk/src/rp2_common/pico_printf/printf.c.obj
 .comment       0x00000026       0x27 CMakeFiles/PL9823.dir/home/mitsuru/pico/pico-sdk/src/rp2_common/pico_bootrom/bootrom.c.obj
 .comment       0x00000026       0x27 CMakeFiles/PL9823.dir/home/mitsuru/pico/pico-sdk/src/rp2_common/pico_double/double_init_rom.c.obj
 .comment       0x00000026       0x27 CMakeFiles/PL9823.dir/home/mitsuru/pico/pico-sdk/src/rp2_common/pico_float/float_init_rom.c.obj
 .comment       0x00000026       0x27 CMakeFiles/PL9823.dir/home/mitsuru/pico/pico-sdk/src/rp2_common/pico_float/float_math.c.obj
 .comment       0x00000026       0x27 CMakeFiles/PL9823.dir/home/mitsuru/pico/pico-sdk/src/rp2_common/pico_standard_link/binary_info.c.obj
 .comment       0x00000026       0x27 CMakeFiles/PL9823.dir/home/mitsuru/pico/pico-sdk/src/rp2_common/pico_stdio/stdio.c.obj
 .comment       0x00000026       0x27 CMakeFiles/PL9823.dir/home/mitsuru/pico/pico-sdk/src/rp2_common/pico_stdio_uart/stdio_uart.c.obj
 .comment       0x00000026       0x27 CMakeFiles/PL9823.dir/home/mitsuru/pico/pico-sdk/src/rp2_common/hardware_pio/pio.c.obj
 .comment       0x00000026       0x27 color/libcolor.a(color.cpp.obj)
 .comment       0x00000026       0x27 /usr/lib/gcc/arm-none-eabi/13.2.1/../../../arm-none-eabi/lib/thumb/v6-m/nofp/libg.a(libc_a-atexit.o)
 .comment       0x00000026       0x27 /usr/lib/gcc/arm-none-eabi/13.2.1/../../../arm-none-eabi/lib/thumb/v6-m/nofp/libg.a(libc_a-strlen-stub.o)
 .comment       0x00000026       0x27 /usr/lib/gcc/arm-none-eabi/13.2.1/../../../arm-none-eabi/lib/thumb/v6-m/nofp/libg.a(libc_a-fini.o)
 .comment       0x00000026       0x27 /usr/lib/gcc/arm-none-eabi/13.2.1/../../../arm-none-eabi/lib/thumb/v6-m/nofp/libg.a(libc_a-__atexit.o)
 .comment       0x00000026       0x27 /usr/lib/gcc/arm-none-eabi/13.2.1/../../../arm-none-eabi/lib/thumb/v6-m/nofp/libg.a(libc_a-__call_atexit.o)
 .comment       0x00000026       0x27 /usr/lib/gcc/arm-none-eabi/13.2.1/thumb/v6-m/nofp/crtend.o

.debug_info     0x00000000    0x1dd96
 .debug_info    0x00000000     0x3130 CMakeFiles/PL9823.dir/main.cpp.obj
 .debug_info    0x00003130     0x1827 CMakeFiles/PL9823.dir/home/mitsuru/pico/pico-sdk/src/rp2_common/hardware_gpio/gpio.c.obj
 .debug_info    0x00004957      0x1e3 CMakeFiles/PL9823.dir/home/mitsuru/pico/pico-sdk/src/rp2_common/pico_platform/platform.c.obj
 .debug_info    0x00004b3a      0x682 CMakeFiles/PL9823.dir/home/mitsuru/pico/pico-sdk/src/rp2_common/hardware_claim/claim.c.obj
 .debug_info    0x000051bc      0x5e2 CMakeFiles/PL9823.dir/home/mitsuru/pico/pico-sdk/src/rp2_common/hardware_sync/sync.c.obj
 .debug_info    0x0000579e     0x1bfb CMakeFiles/PL9823.dir/home/mitsuru/pico/pico-sdk/src/rp2_common/hardware_irq/irq.c.obj
 .debug_info    0x00007399      0x197 CMakeFiles/PL9823.dir/home/mitsuru/pico/pico-sdk/src/common/pico_sync/lock_core.c.obj
 .debug_info    0x00007530     0x1ced CMakeFiles/PL9823.dir/home/mitsuru/pico/pico-sdk/src/common/pico_sync/mutex.c.obj
 .debug_info    0x0000921d     0x33bd CMakeFiles/PL9823.dir/home/mitsuru/pico/pico-sdk/src/common/pico_time/time.c.obj
 .debug_info    0x0000c5da     0x141f CMakeFiles/PL9823.dir/home/mitsuru/pico/pico-sdk/src/rp2_common/hardware_timer/timer.c.obj
 .debug_info    0x0000d9f9      0xe76 CMakeFiles/PL9823.dir/home/mitsuru/pico/pico-sdk/src/common/pico_util/pheap.c.obj
 .debug_info    0x0000e86f      0xd74 CMakeFiles/PL9823.dir/home/mitsuru/pico/pico-sdk/src/rp2_common/hardware_uart/uart.c.obj
 .debug_info    0x0000f5e3      0xfb7 CMakeFiles/PL9823.dir/home/mitsuru/pico/pico-sdk/src/rp2_common/hardware_clocks/clocks.c.obj
 .debug_info    0x0001059a      0x4ed CMakeFiles/PL9823.dir/home/mitsuru/pico/pico-sdk/src/rp2_common/hardware_pll/pll.c.obj
 .debug_info    0x00010a87      0x4c0 CMakeFiles/PL9823.dir/home/mitsuru/pico/pico-sdk/src/rp2_common/hardware_watchdog/watchdog.c.obj
 .debug_info    0x00010f47      0x1af CMakeFiles/PL9823.dir/home/mitsuru/pico/pico-sdk/src/rp2_common/hardware_xosc/xosc.c.obj
 .debug_info    0x000110f6      0xf23 CMakeFiles/PL9823.dir/home/mitsuru/pico/pico-sdk/src/rp2_common/pico_runtime/runtime.c.obj
 .debug_info    0x00012019     0x19c3 CMakeFiles/PL9823.dir/home/mitsuru/pico/pico-sdk/src/rp2_common/pico_printf/printf.c.obj
 .debug_info    0x000139dc       0x23 CMakeFiles/PL9823.dir/home/mitsuru/pico/pico-sdk/src/rp2_common/pico_bit_ops/bit_ops_aeabi.S.obj
 .debug_info    0x000139ff      0x30d CMakeFiles/PL9823.dir/home/mitsuru/pico/pico-sdk/src/rp2_common/pico_bootrom/bootrom.c.obj
 .debug_info    0x00013d0c       0x23 CMakeFiles/PL9823.dir/home/mitsuru/pico/pico-sdk/src/rp2_common/pico_divider/divider.S.obj
 .debug_info    0x00013d2f       0x23 CMakeFiles/PL9823.dir/home/mitsuru/pico/pico-sdk/src/rp2_common/pico_double/double_aeabi.S.obj
 .debug_info    0x00013d52      0x30b CMakeFiles/PL9823.dir/home/mitsuru/pico/pico-sdk/src/rp2_common/pico_double/double_init_rom.c.obj
 .debug_info    0x0001405d       0x23 CMakeFiles/PL9823.dir/home/mitsuru/pico/pico-sdk/src/rp2_common/pico_double/double_v1_rom_shim.S.obj
 .debug_info    0x00014080       0x24 CMakeFiles/PL9823.dir/home/mitsuru/pico/pico-sdk/src/rp2_common/pico_int64_ops/pico_int64_ops_aeabi.S.obj
 .debug_info    0x000140a4       0x23 CMakeFiles/PL9823.dir/home/mitsuru/pico/pico-sdk/src/rp2_common/pico_float/float_aeabi.S.obj